Archive member included to satisfy reference by file (symbol)

libbb/lib.a(appletlib.o)      /opt/arm-cortex_a8-linux-gnueabi-4.8/arm-cortex_a8-linux-gnueabi/sysroot/usr/lib/crt1.o (main)
libbb/lib.a(compare_string_array.o)
                              libbb/lib.a(appletlib.o) (is_prefixed_with)
libbb/lib.a(concat_path_file.o)
                              libbb/lib.a(appletlib.o) (concat_path_file)
libbb/lib.a(default_error_retval.o)
                              libbb/lib.a(appletlib.o) (xfunc_error_retval)
libbb/lib.a(get_last_path_component.o)
                              libbb/lib.a(appletlib.o) (bb_basename)
libbb/lib.a(last_char_is.o)   libbb/lib.a(concat_path_file.o) (last_char_is)
libbb/lib.a(llist.o)          libbb/lib.a(appletlib.o) (llist_free)
libbb/lib.a(messages.o)       libbb/lib.a(appletlib.o) (bb_busybox_exec_path)
libbb/lib.a(perror_msg.o)     libbb/lib.a(appletlib.o) (bb_perror_msg_and_die)
libbb/lib.a(ptr_to_globals.o)
                              libbb/lib.a(appletlib.o) (bb_errno)
libbb/lib.a(skip_whitespace.o)
                              libbb/lib.a(appletlib.o) (skip_whitespace)
libbb/lib.a(verror_msg.o)     libbb/lib.a(perror_msg.o) (bb_verror_msg)
libbb/lib.a(wfopen.o)         libbb/lib.a(appletlib.o) (fopen_for_read)
libbb/lib.a(xfunc_die.o)      libbb/lib.a(appletlib.o) (xfunc_die)
libbb/lib.a(xfuncs.o)         libbb/lib.a(appletlib.o) (full_write2_str)
libbb/lib.a(xfuncs_printf.o)  libbb/lib.a(appletlib.o) (malloc_or_warn)
libbb/lib.a(xreadlink.o)      libbb/lib.a(appletlib.o) (xmalloc_readlink)
libbb/lib.a(copyfd.o)         libbb/lib.a(xfuncs_printf.o) (bb_copyfd_eof)
libbb/lib.a(full_write.o)     libbb/lib.a(verror_msg.o) (full_write)
libbb/lib.a(read.o)           libbb/lib.a(copyfd.o) (safe_read)
libbb/lib.a(safe_write.o)     libbb/lib.a(full_write.o) (safe_write)
libbb/lib.a(signals.o)        libbb/lib.a(xfuncs_printf.o) (kill_myself_with_sig)
libbb/lib.a(time.o)           libbb/lib.a(xfuncs_printf.o) (monotonic_us)
libbb/lib.a(bb_strtonum.o)    libbb/lib.a(time.o) (bb_strtol)
libpwdgrp/lib.a(pwd_grp.o)    libbb/lib.a(appletlib.o) (bb_internal_getpwnam)
libpwdgrp/lib.a(uidgid_get.o)
                              libbb/lib.a(appletlib.o) (get_uidgid)
loginutils/lib.a(addgroup.o)  libbb/lib.a(appletlib.o) (addgroup_main)
loginutils/lib.a(adduser.o)   libbb/lib.a(appletlib.o) (adduser_main)
loginutils/lib.a(chpasswd.o)  libbb/lib.a(appletlib.o) (chpasswd_main)
loginutils/lib.a(cryptpw.o)   libbb/lib.a(appletlib.o) (cryptpw_main)
loginutils/lib.a(deluser.o)   libbb/lib.a(appletlib.o) (deluser_main)
loginutils/lib.a(getty.o)     libbb/lib.a(appletlib.o) (getty_main)
loginutils/lib.a(login.o)     libbb/lib.a(appletlib.o) (login_main)
loginutils/lib.a(passwd.o)    libbb/lib.a(appletlib.o) (passwd_main)
loginutils/lib.a(su.o)        libbb/lib.a(appletlib.o) (su_main)
loginutils/lib.a(sulogin.o)   libbb/lib.a(appletlib.o) (sulogin_main)
loginutils/lib.a(vlock.o)     libbb/lib.a(appletlib.o) (vlock_main)
mailutils/lib.a(makemime.o)   libbb/lib.a(appletlib.o) (makemime_main)
mailutils/lib.a(popmaildir.o)
                              libbb/lib.a(appletlib.o) (popmaildir_main)
mailutils/lib.a(reformime.o)  libbb/lib.a(appletlib.o) (reformime_main)
mailutils/lib.a(sendmail.o)   libbb/lib.a(appletlib.o) (sendmail_main)
mailutils/lib.a(mail.o)       mailutils/lib.a(popmaildir.o) (launch_helper)
miscutils/lib.a(adjtimex.o)   libbb/lib.a(appletlib.o) (adjtimex_main)
miscutils/lib.a(beep.o)       libbb/lib.a(appletlib.o) (beep_main)
miscutils/lib.a(chat.o)       libbb/lib.a(appletlib.o) (chat_main)
miscutils/lib.a(chrt.o)       libbb/lib.a(appletlib.o) (chrt_main)
miscutils/lib.a(conspy.o)     libbb/lib.a(appletlib.o) (conspy_main)
miscutils/lib.a(crond.o)      libbb/lib.a(appletlib.o) (crond_main)
miscutils/lib.a(crontab.o)    libbb/lib.a(appletlib.o) (crontab_main)
miscutils/lib.a(dc.o)         libbb/lib.a(appletlib.o) (dc_main)
miscutils/lib.a(devmem.o)     libbb/lib.a(appletlib.o) (devmem_main)
miscutils/lib.a(eject.o)      libbb/lib.a(appletlib.o) (eject_main)
miscutils/lib.a(fbsplash.o)   libbb/lib.a(appletlib.o) (fbsplash_main)
miscutils/lib.a(hdparm.o)     libbb/lib.a(appletlib.o) (hdparm_main)
miscutils/lib.a(i2c_tools.o)  libbb/lib.a(appletlib.o) (i2cget_main)
miscutils/lib.a(ionice.o)     libbb/lib.a(appletlib.o) (ionice_main)
miscutils/lib.a(last_fancy.o)
                              libbb/lib.a(appletlib.o) (last_main)
miscutils/lib.a(less.o)       libbb/lib.a(appletlib.o) (less_main)
miscutils/lib.a(makedevs.o)   libbb/lib.a(appletlib.o) (makedevs_main)
miscutils/lib.a(man.o)        libbb/lib.a(appletlib.o) (man_main)
miscutils/lib.a(microcom.o)   libbb/lib.a(appletlib.o) (microcom_main)
miscutils/lib.a(mountpoint.o)
                              libbb/lib.a(appletlib.o) (mountpoint_main)
miscutils/lib.a(mt.o)         libbb/lib.a(appletlib.o) (mt_main)
miscutils/lib.a(nandwrite.o)  libbb/lib.a(appletlib.o) (nandwrite_main)
miscutils/lib.a(raidautorun.o)
[...]
Memory Configuration

Name             Origin             Length             Attributes
*default*        0x0000000000000000 0xffffffffffffffff

Linker script and memory map

LOAD /opt/arm-cortex_a8-linux-gnueabi-4.8/arm-cortex_a8-linux-gnueabi/sysroot/usr/lib/crt1.o
LOAD /opt/arm-cortex_a8-linux-gnueabi-4.8/arm-cortex_a8-linux-gnueabi/sysroot/usr/lib/crti.o
LOAD /opt/arm-cortex_a8-linux-gnueabi-4.8/lib/gcc/arm-cortex_a8-linux-gnueabi/4.8.5/crtbegin.o
START GROUP
LOAD applets/built-in.o
LOAD archival/lib.a
LOAD archival/libarchive/lib.a
LOAD console-tools/lib.a
LOAD coreutils/lib.a
LOAD coreutils/libcoreutils/lib.a
LOAD debianutils/lib.a
LOAD e2fsprogs/lib.a
LOAD editors/lib.a
LOAD findutils/lib.a
LOAD init/lib.a
LOAD libbb/lib.a
LOAD libpwdgrp/lib.a
LOAD loginutils/lib.a
LOAD mailutils/lib.a
LOAD miscutils/lib.a
LOAD modutils/lib.a
LOAD networking/lib.a
LOAD networking/libiproute/lib.a
LOAD networking/udhcp/lib.a
LOAD printutils/lib.a
LOAD procps/lib.a
LOAD runit/lib.a
LOAD selinux/lib.a
LOAD shell/lib.a
LOAD sysklogd/lib.a
LOAD util-linux/lib.a
LOAD util-linux/volume_id/lib.a
LOAD archival/built-in.o
LOAD archival/libarchive/built-in.o
LOAD console-tools/built-in.o
LOAD coreutils/built-in.o
LOAD coreutils/libcoreutils/built-in.o
LOAD debianutils/built-in.o
LOAD e2fsprogs/built-in.o
LOAD editors/built-in.o
LOAD findutils/built-in.o
LOAD init/built-in.o
LOAD libbb/built-in.o
LOAD libpwdgrp/built-in.o
LOAD loginutils/built-in.o
LOAD mailutils/built-in.o
LOAD miscutils/built-in.o
LOAD modutils/built-in.o
LOAD networking/built-in.o
LOAD networking/libiproute/built-in.o
LOAD networking/udhcp/built-in.o
LOAD printutils/built-in.o
LOAD procps/built-in.o
LOAD runit/built-in.o
LOAD selinux/built-in.o
LOAD shell/built-in.o
LOAD sysklogd/built-in.o
LOAD util-linux/built-in.o
LOAD util-linux/volume_id/built-in.o
END GROUP
START GROUP
LOAD /opt/arm-cortex_a8-linux-gnueabi-4.8/arm-cortex_a8-linux-gnueabi/sysroot/usr/lib/libm.so
END GROUP
LOAD /opt/arm-cortex_a8-linux-gnueabi-4.8/lib/gcc/arm-cortex_a8-linux-gnueabi/4.8.5/libgcc.a
LOAD /opt/arm-cortex_a8-linux-gnueabi-4.8/lib/gcc/arm-cortex_a8-linux-gnueabi/4.8.5/libgcc_eh.a
LOAD /opt/arm-cortex_a8-linux-gnueabi-4.8/arm-cortex_a8-linux-gnueabi/sysroot/usr/lib/libc.so
START GROUP
LOAD /opt/arm-cortex_a8-linux-gnueabi-4.8/arm-cortex_a8-linux-gnueabi/sysroot/lib/libc.so.6
LOAD /opt/arm-cortex_a8-linux-gnueabi-4.8/arm-cortex_a8-linux-gnueabi/sysroot/usr/lib/libc_nonshared.a
LOAD /opt/arm-cortex_a8-linux-gnueabi-4.8/arm-cortex_a8-linux-gnueabi/sysroot/lib/ld-linux.so.3
END GROUP
LOAD /opt/arm-cortex_a8-linux-gnueabi-4.8/lib/gcc/arm-cortex_a8-linux-gnueabi/4.8.5/libgcc.a
LOAD /opt/arm-cortex_a8-linux-gnueabi-4.8/lib/gcc/arm-cortex_a8-linux-gnueabi/4.8.5/libgcc_eh.a
LOAD /opt/arm-cortex_a8-linux-gnueabi-4.8/lib/gcc/arm-cortex_a8-linux-gnueabi/4.8.5/crtend.o
LOAD /opt/arm-cortex_a8-linux-gnueabi-4.8/arm-cortex_a8-linux-gnueabi/sysroot/usr/lib/crtn.o
                [!provide]                        PROVIDE (__executable_start, 0x10000)
                0x0000000000010134                . = (0x10000 + SIZEOF_HEADERS)

.interp         0x0000000000010134       0x13
 *(SORT(.interp))
 .interp        0x0000000000010134       0x13 /opt/arm-cortex_a8-linux-gnueabi-4.8/arm-cortex_a8-linux-gnueabi/sysroot/usr/lib/crt1.o

.note.ABI-tag   0x0000000000010148       0x20
 .note.ABI-tag  0x0000000000010148       0x20 /opt/arm-cortex_a8-linux-gnueabi-4.8/arm-cortex_a8-linux-gnueabi/sysroot/usr/lib/crt1.o

.note.gnu.build-id
 *(SORT(.note.gnu.build-id))

.hash           0x0000000000010168      0xa1c
 *(SORT(.hash))
 .hash          0x0000000000010168      0xa1c /opt/arm-cortex_a8-linux-gnueabi-4.8/arm-cortex_a8-linux-gnueabi/sysroot/usr/lib/crt1.o

.gnu.hash
 *(SORT(.gnu.hash))

.dynsym         0x0000000000010b84     0x17e0
 *(SORT(.dynsym))
 .dynsym        0x0000000000010b84     0x17e0 /opt/arm-cortex_a8-linux-gnueabi-4.8/arm-cortex_a8-linux-gnueabi/sysroot/usr/lib/crt1.o

.dynstr         0x0000000000012364      0xc80
 *(SORT(.dynstr))
 .dynstr        0x0000000000012364      0xc80 /opt/arm-cortex_a8-linux-gnueabi-4.8/arm-cortex_a8-linux-gnueabi/sysroot/usr/lib/crt1.o

.gnu.version    0x0000000000012fe4      0x2fc
 *(SORT(.gnu.version))
 .gnu.version   0x0000000000012fe4      0x2fc /opt/arm-cortex_a8-linux-gnueabi-4.8/arm-cortex_a8-linux-gnueabi/sysroot/usr/lib/crt1.o

.gnu.version_d  0x00000000000132e0        0x0
 *(SORT(.gnu.version_d))
 .gnu.version_d
                0x00000000000132e0        0x0 /opt/arm-cortex_a8-linux-gnueabi-4.8/arm-cortex_a8-linux-gnueabi/sysroot/usr/lib/crt1.o

.gnu.version_r  0x00000000000132e0       0x50
 *(SORT(.gnu.version_r))
 .gnu.version_r
                0x00000000000132e0       0x50 /opt/arm-cortex_a8-linux-gnueabi-4.8/arm-cortex_a8-linux-gnueabi/sysroot/usr/lib/crt1.o

.rel.dyn        0x0000000000013330       0x48
 *(SORT(.rel.init))
 *(SORT(.rel.text) SORT(.rel.text.*) SORT(.rel.gnu.linkonce.t.*))
 *(SORT(.rel.fini))
 *(SORT(.rel.rodata) SORT(.rel.rodata.*) SORT(.rel.gnu.linkonce.r.*))
 *(SORT(.rel.data.rel.ro) SORT(.rel.data.rel.ro.*) SORT(.rel.gnu.linkonce.d.rel.ro.*))
 *(SORT(.rel.data) SORT(.rel.data.*) SORT(.rel.gnu.linkonce.d.*))
 *(SORT(.rel.tdata) SORT(.rel.tdata.*) SORT(.rel.gnu.linkonce.td.*))
 *(SORT(.rel.tbss) SORT(.rel.tbss.*) SORT(.rel.gnu.linkonce.tb.*))
 *(SORT(.rel.ctors))
 *(SORT(.rel.dtors))
 *(SORT(.rel.got))
 .rel.got       0x0000000000013330        0x8 /opt/arm-cortex_a8-linux-gnueabi-4.8/arm-cortex_a8-linux-gnueabi/sysroot/usr/lib/crt1.o
 *(SORT(.rel.bss) SORT(.rel.bss.*) SORT(.rel.gnu.linkonce.b.*))
 .rel.bss       0x0000000000013338       0x40 /opt/arm-cortex_a8-linux-gnueabi-4.8/arm-cortex_a8-linux-gnueabi/sysroot/usr/lib/crt1.o
                [!provide]                        PROVIDE (__rel_iplt_start, .)
 *(SORT(.rel.iplt))
 .rel.iplt      0x0000000000013378        0x0 /opt/arm-cortex_a8-linux-gnueabi-4.8/arm-cortex_a8-linux-gnueabi/sysroot/usr/lib/crt1.o
                [!provide]                        PROVIDE (__rel_iplt_end, .)

.rela.dyn       0x0000000000013378        0x0
 *(SORT(.rela.init))
 *(SORT(.rela.text) SORT(.rela.text.*) SORT(.rela.gnu.linkonce.t.*))
 *(SORT(.rela.fini))
 *(SORT(.rela.rodata) SORT(.rela.rodata.*) SORT(.rela.gnu.linkonce.r.*))
 *(SORT(.rela.data) SORT(.rela.data.*) SORT(.rela.gnu.linkonce.d.*))
 *(SORT(.rela.tdata) SORT(.rela.tdata.*) SORT(.rela.gnu.linkonce.td.*))
 *(SORT(.rela.tbss) SORT(.rela.tbss.*) SORT(.rela.gnu.linkonce.tb.*))
 *(SORT(.rela.ctors))
 *(SORT(.rela.dtors))
 *(SORT(.rela.got))
 *(SORT(.rela.bss) SORT(.rela.bss.*) SORT(.rela.gnu.linkonce.b.*))
                [!provide]                        PROVIDE (__rela_iplt_start, .)
 *(SORT(.rela.iplt))
                [!provide]                        PROVIDE (__rela_iplt_end, .)

.rel.plt        0x0000000000013378      0xb80
 *(SORT(.rel.plt))
 .rel.plt       0x0000000000013378      0xb80 /opt/arm-cortex_a8-linux-gnueabi-4.8/arm-cortex_a8-linux-gnueabi/sysroot/usr/lib/crt1.o

.rela.plt
 *(SORT(.rela.plt))

.init           0x0000000000013ef8        0xc
 *(SORT(.init))
 .init          0x0000000000013ef8        0x8 /opt/arm-cortex_a8-linux-gnueabi-4.8/arm-cortex_a8-linux-gnueabi/sysroot/usr/lib/crti.o
                0x0000000000013ef8                _init
 .init          0x0000000000013f00        0x4 /opt/arm-cortex_a8-linux-gnueabi-4.8/arm-cortex_a8-linux-gnueabi/sysroot/usr/lib/crtn.o

.plt            0x0000000000013f04     0x1154
 *(SORT(.plt))
 .plt           0x0000000000013f04     0x1154 /opt/arm-cortex_a8-linux-gnueabi-4.8/arm-cortex_a8-linux-gnueabi/sysroot/usr/lib/crt1.o
                0x0000000000013f18                fdopen@@GLIBC_2.4
                0x0000000000013f24                sched_get_priority_min@@GLIBC_2.4
                0x0000000000013f30                fputs_unlocked@@GLIBC_2.4
                0x0000000000013f3c                strstr@@GLIBC_2.4
                0x0000000000013f48                gnu_dev_major@@GLIBC_2.4
                0x0000000000013f54                ether_hostton@@GLIBC_2.4
                0x0000000000013f60                raise@@GLIBC_2.4
                0x0000000000013f6c                lutimes@@GLIBC_2.4
                0x0000000000013f78                cfmakeraw@@GLIBC_2.4
                0x0000000000013f84                vasprintf@@GLIBC_2.4
                0x0000000000013f90                sendfile64@@GLIBC_2.4
                0x0000000000013f9c                gmtime_r@@GLIBC_2.4
                0x0000000000013fa8                log@@GLIBC_2.4
                0x0000000000013fb4                strverscmp@@GLIBC_2.4
                0x0000000000013fc0                inet_aton@@GLIBC_2.4
                0x0000000000013fcc                fsync@@GLIBC_2.4
                0x0000000000013fd8                setbuf@@GLIBC_2.4
                0x0000000000013fe4                __res_init@@GLIBC_2.4
                0x0000000000013ff0                strcasestr@@GLIBC_2.4
                0x0000000000013ffc                strcmp@@GLIBC_2.4
                0x0000000000014008                strtol@@GLIBC_2.4
                0x0000000000014014                setsockopt@@GLIBC_2.4
                0x0000000000014020                strcspn@@GLIBC_2.4
                0x000000000001402c                times@@GLIBC_2.4
                0x0000000000014038                gnu_dev_makedev@@GLIBC_2.4
                0x0000000000014044                dprintf@@GLIBC_2.4
                0x0000000000014050                pause@@GLIBC_2.4
                0x000000000001405c                clearenv@@GLIBC_2.4
                0x0000000000014068                printf@@GLIBC_2.4
                0x0000000000014074                hstrerror@@GLIBC_2.4
                0x0000000000014080                gnu_dev_minor@@GLIBC_2.4
                0x000000000001408c                getusershell@@GLIBC_2.4
                0x0000000000014098                regerror@@GLIBC_2.4
                0x00000000000140a4                setrlimit64@@GLIBC_2.4
                0x00000000000140b0                read@@GLIBC_2.4
                0x00000000000140bc                tcflush@@GLIBC_2.4
                0x00000000000140c8                mktime@@GLIBC_2.4
                0x00000000000140d4                longjmp@@GLIBC_2.4
                0x00000000000140e0                fflush@@GLIBC_2.4
                0x00000000000140ec                utmpxname@@GLIBC_2.4
                0x00000000000140f8                if_indextoname@@GLIBC_2.4
                0x0000000000014104                getuid@@GLIBC_2.4
                0x0000000000014110                sigprocmask@@GLIBC_2.4
                0x000000000001411c                _setjmp@@GLIBC_2.4
                0x0000000000014128                memmove@@GLIBC_2.4
                0x0000000000014134                strchrnul@@GLIBC_2.4
                0x0000000000014140                free@@GLIBC_2.4
                0x000000000001414c                unshare@@GLIBC_2.4
                0x0000000000014158                nanosleep@@GLIBC_2.4
                0x0000000000014164                fileno_unlocked@@GLIBC_2.4
                0x0000000000014170                inet_pton@@GLIBC_2.4
                0x000000000001417c                _exit@@GLIBC_2.4
                0x0000000000014188                __res_state@@GLIBC_2.4
                0x0000000000014194                pututxline@@GLIBC_2.4
                0x00000000000141a0                memcpy@@GLIBC_2.4
                0x00000000000141ac                tcsendbreak@@GLIBC_2.4
                0x00000000000141b8                pivot_root@@GLIBC_2.4
                0x00000000000141c4                execvp@@GLIBC_2.4
                0x00000000000141d0                execlp@@GLIBC_2.4
                0x00000000000141dc                mmap64@@GLIBC_2.4
                0x00000000000141e8                shmget@@GLIBC_2.4
                0x00000000000141f4                signal@@GLIBC_2.4
                0x0000000000014200                time@@GLIBC_2.4
                0x000000000001420c                rmdir@@GLIBC_2.4
                0x0000000000014218                gethostid@@GLIBC_2.4
                0x0000000000014224                tcsetpgrp@@GLIBC_2.4
                0x0000000000014230                sendmsg@@GLIBC_2.4
                0x000000000001423c                pow@@GLIBC_2.4
                0x0000000000014248                ftruncate64@@GLIBC_2.4
                0x0000000000014254                memcmp@@GLIBC_2.4
                0x0000000000014260                inet_ntoa@@GLIBC_2.4
                0x000000000001426c                select@@GLIBC_2.4
                0x0000000000014278                swapon@@GLIBC_2.4
                0x0000000000014284                sleep@@GLIBC_2.4
                0x0000000000014290                stpcpy@@GLIBC_2.4
                0x000000000001429c                fputc_unlocked@@GLIBC_2.4
                0x00000000000142a8                getc_unlocked@@GLIBC_2.4
                0x00000000000142b4                uname@@GLIBC_2.4
                0x00000000000142c0                ctime@@GLIBC_2.4
                0x00000000000142cc                gethostbyaddr@@GLIBC_2.4
                0x00000000000142d8                recvfrom@@GLIBC_2.4
                0x00000000000142e4                strdup@@GLIBC_2.4
                0x00000000000142f0                setutxent@@GLIBC_2.4
                0x00000000000142fc                syncfs@@GLIBC_2.14
                0x0000000000014308                cfgetispeed@@GLIBC_2.4
                0x0000000000014314                rewind@@GLIBC_2.4
                0x0000000000014320                alarm@@GLIBC_2.4
                0x000000000001432c                msgctl@@GLIBC_2.4
                0x0000000000014338                sysconf@@GLIBC_2.4
                0x0000000000014344                unlink@@GLIBC_2.4
                0x0000000000014350                dup2@@GLIBC_2.4
                0x000000000001435c                reboot@@GLIBC_2.4
                0x0000000000014368                getrlimit64@@GLIBC_2.4
                0x0000000000014374                realloc@@GLIBC_2.4
                0x0000000000014380                killpg@@GLIBC_2.4
                0x000000000001438c                strptime@@GLIBC_2.4
                0x0000000000014398                dup@@GLIBC_2.4
                0x00000000000143a4                socketpair@@GLIBC_2.4
                0x00000000000143b0                atoll@@GLIBC_2.4
                0x00000000000143bc                getpriority@@GLIBC_2.4
                0x00000000000143c8                setns@@GLIBC_2.14
                0x00000000000143d4                sigismember@@GLIBC_2.4
                0x00000000000143e0                regexec@@GLIBC_2.4
                0x00000000000143ec                localtime_r@@GLIBC_2.4
                0x00000000000143f8                wait@@GLIBC_2.4
                0x0000000000014404                getlogin_r@@GLIBC_2.4
                0x0000000000014410                shmat@@GLIBC_2.4
                0x000000000001441c                sigisemptyset@@GLIBC_2.4
                0x0000000000014428                chdir@@GLIBC_2.4
                0x0000000000014434                strcasecmp@@GLIBC_2.4
                0x0000000000014440                getpgrp@@GLIBC_2.4
                0x000000000001444c                unlockpt@@GLIBC_2.4
                0x0000000000014458                geteuid@@GLIBC_2.4
                0x0000000000014464                strsignal@@GLIBC_2.4
                0x0000000000014470                tzset@@GLIBC_2.4
                0x000000000001447c                poll@@GLIBC_2.4
                0x0000000000014488                accept@@GLIBC_2.4
                0x0000000000014494                setgroups@@GLIBC_2.4
                0x00000000000144a0                cfsetospeed@@GLIBC_2.4
                0x00000000000144ac                semop@@GLIBC_2.4
                0x00000000000144b8                seteuid@@GLIBC_2.4
                0x00000000000144c4                __fxstat64@@GLIBC_2.4
                0x00000000000144d0                readlink@@GLIBC_2.4
                0x00000000000144dc                getegid@@GLIBC_2.4
                0x00000000000144e8                sigaction@@GLIBC_2.4
                0x00000000000144f4                fwrite@@GLIBC_2.4
                0x0000000000014500                strcat@@GLIBC_2.4
                0x000000000001450c                getsockopt@@GLIBC_2.4
                0x0000000000014518                ioctl@@GLIBC_2.4
                0x0000000000014524                sched_getscheduler@@GLIBC_2.4
                0x0000000000014530                lseek64@@GLIBC_2.4
                0x000000000001453c                regfree@@GLIBC_2.4
                0x0000000000014548                strtoll@@GLIBC_2.4
                0x0000000000014554                usleep@@GLIBC_2.4
                0x0000000000014560                readahead@@GLIBC_2.4
                0x000000000001456c                waitpid@@GLIBC_2.4
                0x0000000000014578                hasmntopt@@GLIBC_2.4
                0x0000000000014584                tcsetattr@@GLIBC_2.4
                0x0000000000014590                munlock@@GLIBC_2.4
                0x000000000001459c                strcpy@@GLIBC_2.4
                0x00000000000145a8                chroot@@GLIBC_2.4
                0x00000000000145b4                gettimeofday@@GLIBC_2.4
                0x00000000000145c0                fread@@GLIBC_2.4
                0x00000000000145cc                pread64@@GLIBC_2.4
                0x00000000000145d8                sched_yield@@GLIBC_2.4
                0x00000000000145e4                ptsname_r@@GLIBC_2.4
                0x00000000000145f0                ferror_unlocked@@GLIBC_2.4
                0x00000000000145fc                shmctl@@GLIBC_2.4
                0x0000000000014608                creat64@@GLIBC_2.4
                0x0000000000014614                strtok_r@@GLIBC_2.4
                0x0000000000014620                daemon@@GLIBC_2.4
                0x000000000001462c                getmntent@@GLIBC_2.4
                0x0000000000014638                opendir@@GLIBC_2.4
                0x0000000000014644                umount2@@GLIBC_2.4
                0x0000000000014650                fnmatch@@GLIBC_2.4
                0x000000000001465c                open64@@GLIBC_2.4
                0x0000000000014668                sched_get_priority_max@@GLIBC_2.4
                0x0000000000014674                getenv@@GLIBC_2.4
                0x0000000000014680                setpriority@@GLIBC_2.4
                0x000000000001468c                mkstemp64@@GLIBC_2.4
                0x0000000000014698                puts@@GLIBC_2.4
                0x00000000000146a4                setgid@@GLIBC_2.4
                0x00000000000146b0                sysinfo@@GLIBC_2.4
                0x00000000000146bc                malloc@@GLIBC_2.4
                0x00000000000146c8                settimeofday@@GLIBC_2.4
                0x00000000000146d4                sigaddset@@GLIBC_2.4
                0x00000000000146e0                __libc_start_main@@GLIBC_2.4
                0x00000000000146ec                strerror@@GLIBC_2.4
                0x00000000000146f8                system@@GLIBC_2.4
                0x0000000000014704                strftime@@GLIBC_2.4
                0x0000000000014710                tcdrain@@GLIBC_2.4
                0x000000000001471c                __h_errno_location@@GLIBC_2.4
                0x0000000000014728                adjtimex@@GLIBC_2.4
                0x0000000000014734                localtime@@GLIBC_2.4
                0x0000000000014740                strsep@@GLIBC_2.4
                0x000000000001474c                mktemp@@GLIBC_2.4
                0x0000000000014758                scanf@@GLIBC_2.4
                0x0000000000014764                closelog@@GLIBC_2.4
                0x0000000000014770                sethostname@@GLIBC_2.4
                0x000000000001477c                dirname@@GLIBC_2.4
                0x0000000000014794                freopen64@@GLIBC_2.4
                0x00000000000147a0                mempcpy@@GLIBC_2.4
                0x00000000000147ac                rename@@GLIBC_2.4
                0x00000000000147b8                getopt_long@@GLIBC_2.4
                0x00000000000147c4                kill@@GLIBC_2.4
                0x00000000000147d0                getcwd@@GLIBC_2.4
                0x00000000000147dc                getpid@@GLIBC_2.4
                0x00000000000147e8                exit@@GLIBC_2.4
                0x00000000000147f4                syscall@@GLIBC_2.4
                0x0000000000014800                sin@@GLIBC_2.4
                0x000000000001480c                flock@@GLIBC_2.4
                0x0000000000014818                strtoul@@GLIBC_2.4
                0x0000000000014824                tcgetpgrp@@GLIBC_2.4
                0x0000000000014830                strlen@@GLIBC_2.4
                0x000000000001483c                getchar_unlocked@@GLIBC_2.4
                0x0000000000014848                setsid@@GLIBC_2.4
                0x0000000000014854                vprintf@@GLIBC_2.4
                0x0000000000014860                setpgrp@@GLIBC_2.4
                0x000000000001486c                sched_getparam@@GLIBC_2.4
                0x0000000000014878                strchr@@GLIBC_2.4
                0x0000000000014884                srand@@GLIBC_2.4
                0x0000000000014890                setenv@@GLIBC_2.4
                0x000000000001489c                personality@@GLIBC_2.4
                0x00000000000148a8                memrchr@@GLIBC_2.4
                0x00000000000148b4                ttyname_r@@GLIBC_2.4
                0x00000000000148c0                fchown@@GLIBC_2.4
                0x00000000000148cc                execve@@GLIBC_2.4
                0x00000000000148d8                nice@@GLIBC_2.4
                0x00000000000148e4                getopt@@GLIBC_2.4
                0x00000000000148f0                fprintf@@GLIBC_2.4
                0x00000000000148fc                getpagesize@@GLIBC_2.4
                0x0000000000014908                cfsetispeed@@GLIBC_2.4
                0x0000000000014914                chown@@GLIBC_2.4
                0x0000000000014920                ungetc@@GLIBC_2.4
                0x000000000001492c                fcntl@@GLIBC_2.4
                0x0000000000014938                setlinebuf@@GLIBC_2.4
                0x0000000000014944                grantpt@@GLIBC_2.4
                0x0000000000014950                execv@@GLIBC_2.4
                0x000000000001495c                sqrt@@GLIBC_2.4
                0x0000000000014968                cfgetospeed@@GLIBC_2.4
                0x0000000000014974                sigfillset@@GLIBC_2.4
                0x0000000000014980                __errno_location@@GLIBC_2.4
                0x000000000001498c                strncasecmp@@GLIBC_2.4
                0x0000000000014998                getservbyname@@GLIBC_2.4
                0x00000000000149a4                klogctl@@GLIBC_2.4
                0x00000000000149b0                snprintf@@GLIBC_2.4
                0x00000000000149bc                __cxa_atexit@@GLIBC_2.4
                0x00000000000149c8                mkdir@@GLIBC_2.4
                0x00000000000149d4                semget@@GLIBC_2.4
                0x00000000000149e0                bind@@GLIBC_2.4
                0x00000000000149ec                setvbuf@@GLIBC_2.4
                0x00000000000149f8                getservbyport@@GLIBC_2.4
                0x0000000000014a04                getgid@@GLIBC_2.4
                0x0000000000014a10                memset@@GLIBC_2.4
                0x0000000000014a1c                getmntent_r@@GLIBC_2.4
                0x0000000000014a28                bsearch@@GLIBC_2.4
                0x0000000000014a34                sigtimedwait@@GLIBC_2.4
                0x0000000000014a40                utimes@@GLIBC_2.4
                0x0000000000014a4c                strncpy@@GLIBC_2.4
                0x0000000000014a58                fscanf@@GLIBC_2.4
                0x0000000000014a64                mallopt@@GLIBC_2.4
                0x0000000000014a70                sigsuspend@@GLIBC_2.4
                0x0000000000014a7c                strtoull@@GLIBC_2.4
                0x0000000000014a88                gmtime@@GLIBC_2.4
                0x0000000000014a94                wait3@@GLIBC_2.4
                0x0000000000014aa0                strtod@@GLIBC_2.4
                0x0000000000014aac                link@@GLIBC_2.4
                0x0000000000014ab8                write@@GLIBC_2.4
                0x0000000000014ac4                sigdelset@@GLIBC_2.4
                0x0000000000014ad0                mlock@@GLIBC_2.4
                0x0000000000014adc                asprintf@@GLIBC_2.4
                0x0000000000014ae8                getopt_long_only@@GLIBC_2.4
                0x0000000000014af4                ether_aton_r@@GLIBC_2.4
                0x0000000000014b00                shmdt@@GLIBC_2.4
                0x0000000000014b0c                vfork@@GLIBC_2.4
                0x0000000000014b18                memchr@@GLIBC_2.4
                0x0000000000014b24                vsprintf@@GLIBC_2.4
                0x0000000000014b30                access@@GLIBC_2.4
                0x0000000000014b3c                rand@@GLIBC_2.4
                0x0000000000014b48                setegid@@GLIBC_2.4
                0x0000000000014b54                fclose@@GLIBC_2.4
                0x0000000000014b60                getsid@@GLIBC_2.4
                0x0000000000014b6c                strnlen@@GLIBC_2.4
                0x0000000000014b78                pipe@@GLIBC_2.4
                0x0000000000014b84                fseeko64@@GLIBC_2.4
                0x0000000000014b90                endmntent@@GLIBC_2.4
                0x0000000000014b9c                munmap@@GLIBC_2.4
                0x0000000000014ba8                strtok@@GLIBC_2.4
                0x0000000000014bb4                glob64@@GLIBC_2.4
                0x0000000000014bc0                semctl@@GLIBC_2.4
                0x0000000000014bcc                sendto@@GLIBC_2.4
                0x0000000000014bd8                shutdown@@GLIBC_2.4
                0x0000000000014be4                endutxent@@GLIBC_2.4
                0x0000000000014bf0                sigemptyset@@GLIBC_2.4
                0x0000000000014bfc                popen@@GLIBC_2.4
                0x0000000000014c08                fork@@GLIBC_2.4
                0x0000000000014c14                execle@@GLIBC_2.4
                0x0000000000014c20                putenv@@GLIBC_2.4
                0x0000000000014c2c                stime@@GLIBC_2.4
                0x0000000000014c38                getnameinfo@@GLIBC_2.4
                0x0000000000014c44                execl@@GLIBC_2.4
                0x0000000000014c50                strrchr@@GLIBC_2.4
                0x0000000000014c5c                listen@@GLIBC_2.4
                0x0000000000014c68                vfprintf@@GLIBC_2.4
                0x0000000000014c74                statfs64@@GLIBC_2.4
                0x0000000000014c80                __sigsetjmp@@GLIBC_2.4
                0x0000000000014c8c                lchown@@GLIBC_2.4
                0x0000000000014c98                malloc_trim@@GLIBC_2.4
                0x0000000000014ca4                fputc@@GLIBC_2.4
                0x0000000000014cb0                globfree64@@GLIBC_2.4
                0x0000000000014cbc                syslog@@GLIBC_2.4
                0x0000000000014cc8                setresuid@@GLIBC_2.4
                0x0000000000014cd4                symlink@@GLIBC_2.4
                0x0000000000014ce0                updwtmpx@@GLIBC_2.4
                0x0000000000014cec                setuid@@GLIBC_2.4
                0x0000000000014cf8                sscanf@@GLIBC_2.4
                0x0000000000014d04                setpgid@@GLIBC_2.4
                0x0000000000014d10                clearerr@@GLIBC_2.4
                0x0000000000014d1c                sprintf@@GLIBC_2.4
                0x0000000000014d28                readdir64@@GLIBC_2.4
                0x0000000000014d34                mkdtemp@@GLIBC_2.4
                0x0000000000014d40                openlog@@GLIBC_2.4
                0x0000000000014d4c                regcomp@@GLIBC_2.4
                0x0000000000014d58                getgroups@@GLIBC_2.4
                0x0000000000014d64                exp@@GLIBC_2.4
                0x0000000000014d70                getsockname@@GLIBC_2.4
                0x0000000000014d7c                vsnprintf@@GLIBC_2.4
                0x0000000000014d88                getppid@@GLIBC_2.4
                0x0000000000014d94                atoi@@GLIBC_2.4
                0x0000000000014da0                recvmsg@@GLIBC_2.4
                0x0000000000014dac                fchdir@@GLIBC_2.4
                0x0000000000014db8                fopen64@@GLIBC_2.4
                0x0000000000014dc4                qsort@@GLIBC_2.4
                0x0000000000014dd0                getpeername@@GLIBC_2.4
                0x0000000000014ddc                strpbrk@@GLIBC_2.4
                0x0000000000014de8                msgget@@GLIBC_2.4
                0x0000000000014df4                freeaddrinfo@@GLIBC_2.4
                0x0000000000014e00                getaddrinfo@@GLIBC_2.4
                0x0000000000014e0c                acct@@GLIBC_2.4
                0x0000000000014e18                inet_ntop@@GLIBC_2.4
                0x0000000000014e24                fgets_unlocked@@GLIBC_2.4
                0x0000000000014e30                socket@@GLIBC_2.4
                0x0000000000014e3c                setmntent@@GLIBC_2.4
                0x0000000000014e48                cfsetspeed@@GLIBC_2.4
                0x0000000000014e54                atof@@GLIBC_2.4
                0x0000000000014e60                inet_addr@@GLIBC_2.4
                0x0000000000014e6c                __cmsg_nxthdr@@GLIBC_2.4
                0x0000000000014e78                sync@@GLIBC_2.4
                0x0000000000014e84                getline@@GLIBC_2.4
                0x0000000000014e90                if_nametoindex@@GLIBC_2.4
                0x0000000000014e9c                umask@@GLIBC_2.4
                0x0000000000014ea8                swapoff@@GLIBC_2.4
                0x0000000000014eb4                chmod@@GLIBC_2.4
                0x0000000000014ec0                gethostbyname@@GLIBC_2.4
                0x0000000000014ecc                __xstat64@@GLIBC_2.4
                0x0000000000014ed8                isatty@@GLIBC_2.4
                0x0000000000014ee4                __xmknod@@GLIBC_2.4
                0x0000000000014ef0                unsetenv@@GLIBC_2.4
                0x0000000000014efc                fputs@@GLIBC_2.4
                0x0000000000014f08                strncmp@@GLIBC_2.4
                0x0000000000014f14                fdatasync@@GLIBC_2.4
                0x0000000000014f20                abort@@GLIBC_2.4
                0x0000000000014f2c                feof_unlocked@@GLIBC_2.4
                0x0000000000014f38                getutxent@@GLIBC_2.4
                0x0000000000014f44                recv@@GLIBC_2.4
                0x0000000000014f50                realpath@@GLIBC_2.4
                0x0000000000014f5c                siglongjmp@@GLIBC_2.4
                0x0000000000014f68                close@@GLIBC_2.4
                0x0000000000014f74                __lxstat64@@GLIBC_2.4
                0x0000000000014f80                setresgid@@GLIBC_2.4
                0x0000000000014f8c                mkfifo@@GLIBC_2.4
                0x0000000000014f98                send@@GLIBC_2.4
                0x0000000000014fa4                connect@@GLIBC_2.4
                0x0000000000014fb0                closedir@@GLIBC_2.4
                0x0000000000014fbc                div@@GLIBC_2.4
                0x0000000000014fc8                atan2@@GLIBC_2.4
                0x0000000000014fd4                sched_setscheduler@@GLIBC_2.4
                0x0000000000014fe0                putchar_unlocked@@GLIBC_2.4
                0x0000000000014fec                strspn@@GLIBC_2.4
                0x0000000000014ff8                fchmod@@GLIBC_2.4
                0x0000000000015004                cos@@GLIBC_2.4
                0x0000000000015010                tcgetattr@@GLIBC_2.4
                0x000000000001501c                putc_unlocked@@GLIBC_2.4
                0x0000000000015028                tcgetsid@@GLIBC_2.4
                0x0000000000015034                ftello64@@GLIBC_2.4
                0x0000000000015040                pclose@@GLIBC_2.4
                0x000000000001504c                mount@@GLIBC_2.4

.iplt           0x0000000000015058        0x0
 *(SORT(.iplt))
 .iplt          0x0000000000015058        0x0 /opt/arm-cortex_a8-linux-gnueabi-4.8/arm-cortex_a8-linux-gnueabi/sysroot/usr/lib/crt1.o

.text           0x0000000000015058    0xb6010
 *(SORT(.text.unlikely) SORT(.text.*_unlikely) SORT(.text.unlikely.*))
 *(SORT(.text.exit) SORT(.text.exit.*))
 *(SORT(.text.startup) SORT(.text.startup.*))
 *(SORT(.text.hot) SORT(.text.hot.*))
 *(SORT(.text) SORT(.stub) SORT(.text.*) SORT(.gnu.linkonce.t.*))
 .text.brctl_main
                0x0000000000015058      0x4e8 networking/lib.a(brctl.o)
                0x0000000000015058                brctl_main
 .text.my_SQRT  0x0000000000015540       0x50 networking/lib.a(ntpd.o)
 .text.filter_datapoints
                0x0000000000015590      0x100 networking/lib.a(ntpd.o)
 .text.reset_peer_stats
                0x0000000000015690       0xb0 networking/lib.a(ntpd.o)
 .text.add_peers
                0x0000000000015740       0xe8 networking/lib.a(ntpd.o)
 .text.gettime1900d
                0x0000000000015828       0x60 networking/lib.a(ntpd.o)
 .text.step_time
                0x0000000000015888      0x180 networking/lib.a(ntpd.o)
 .text.update_local_clock
                0x0000000000015a08      0x378 networking/lib.a(ntpd.o)
 .text.recv_and_process_client_pkt
                0x0000000000015d80      0x2e8 networking/lib.a(ntpd.o)
 .text.recv_and_process_peer_pkt
                0x0000000000016068      0x8f0 networking/lib.a(ntpd.o)
 .text.ntpd_main
                0x0000000000016958      0x4a0 networking/lib.a(ntpd.o)
                0x0000000000016958                ntpd_main
 .text.percent_value
                0x0000000000016df8       0x70 procps/lib.a(iostat.o)
 .text.percent_value
                0x0000000000016e68       0x70 procps/lib.a(mpstat.o)
 .text.write_stats_core
                0x0000000000016ed8      0x548 procps/lib.a(mpstat.o)
 .text.powertop_main
                0x0000000000017420      0x668 procps/lib.a(powertop.o)
                0x0000000000017420                powertop_main
 .text.showmode
                0x0000000000017a88      0x1b8 util-linux/lib.a(fbset.o)
 .text.script_main
                0x0000000000017c40      0x498 util-linux/lib.a(script.o)
                0x0000000000017c40                script_main
 .text.scriptreplay_main
                0x00000000000180d8       0xd0 util-linux/lib.a(scriptreplay.o)
                0x00000000000180d8                scriptreplay_main
 .text.dd_output_status
                0x00000000000181a8      0x130 coreutils/lib.a(dd.o)
 .text.seq_main
                0x00000000000182d8      0x218 coreutils/lib.a(seq.o)
                0x00000000000182d8                seq_main
 .text.sleep_main
                0x00000000000184f0      0x188 coreutils/lib.a(sleep.o)
                0x00000000000184f0                sleep_main
 .text.compare_keys
                0x0000000000018678      0x2b8 coreutils/lib.a(sort.o)
 .text.incvar   0x0000000000018930       0x28 editors/lib.a(awk.o)
 .text.next_input_file
                0x0000000000018958      0x108 editors/lib.a(awk.o)
 .text.evaluate
                0x0000000000018a60      0xef0 editors/lib.a(awk.o)
 .text.exec_builtin
                0x0000000000019950      0x5f8 editors/lib.a(awk.o)
 .text.awk_main
                0x0000000000019f48      0x498 editors/lib.a(awk.o)
                0x0000000000019f48                awk_main
 .text.bootchartd_main
                0x000000000001a3e0      0x568 init/lib.a(bootchartd.o)
                0x000000000001a3e0                bootchartd_main
 .text          0x000000000001a948       0x48 /opt/arm-cortex_a8-linux-gnueabi-4.8/lib/gcc/arm-cortex_a8-linux-gnueabi/4.8.5/libgcc.a(_fixunsdfdi.o)
                0x000000000001a948                __aeabi_d2ulz
                0x000000000001a948                __fixunsdfdi
 .text          0x000000000001a990       0x3c /opt/arm-cortex_a8-linux-gnueabi-4.8/arm-cortex_a8-linux-gnueabi/sysroot/usr/lib/crt1.o
                0x000000000001a990                _start
 .text          0x000000000001a9cc       0x24 /opt/arm-cortex_a8-linux-gnueabi-4.8/arm-cortex_a8-linux-gnueabi/sysroot/usr/lib/crti.o
 .text          0x000000000001a9f0       0xd4 /opt/arm-cortex_a8-linux-gnueabi-4.8/lib/gcc/arm-cortex_a8-linux-gnueabi/4.8.5/crtbegin.o
 .text.get_trimmed_slice
                0x000000000001aac4       0x30 libbb/lib.a(appletlib.o)
 .text.find_applet_by_name
                0x000000000001aaf4       0xc0 libbb/lib.a(appletlib.o)
                0x000000000001aaf4                find_applet_by_name
 .text.bb_show_usage
                0x000000000001abb4       0xec libbb/lib.a(appletlib.o)
                0x000000000001abb4                bb_show_usage
 .text.parse_config_file
                0x000000000001aca0      0x310 libbb/lib.a(appletlib.o)
 .text.lbb_prepare
                0x000000000001afb0       0x28 libbb/lib.a(appletlib.o)
                0x000000000001afb0                lbb_prepare
 .text.run_applet_no_and_exit
                0x000000000001afd8      0x250 libbb/lib.a(appletlib.o)
                0x000000000001afd8                run_applet_no_and_exit
 .text.run_applet_and_exit
                0x000000000001b228      0x360 libbb/lib.a(appletlib.o)
 .text.main     0x000000000001b588       0x68 libbb/lib.a(appletlib.o)
                0x000000000001b588                main
 .text.is_prefixed_with
                0x000000000001b5f0       0x30 libbb/lib.a(compare_string_array.o)
                0x000000000001b5f0                is_prefixed_with
 .text.index_in_strings
                0x000000000001b620       0x58 libbb/lib.a(compare_string_array.o)
                0x000000000001b620                index_in_strings
 .text.index_in_substrings
                0x000000000001b678       0x90 libbb/lib.a(compare_string_array.o)
                0x000000000001b678                index_in_substrings
 .text.nth_string
                0x000000000001b708       0x34 libbb/lib.a(compare_string_array.o)
                0x000000000001b708                nth_string
 .text.concat_path_file
                0x000000000001b73c       0x68 libbb/lib.a(concat_path_file.o)
                0x000000000001b73c                concat_path_file
 .text.bb_basename
                0x000000000001b7a4       0x20 libbb/lib.a(get_last_path_component.o)
                0x000000000001b7a4                bb_basename
 .text.bb_get_last_path_component_nostrip
                0x000000000001b7c4       0x3c libbb/lib.a(get_last_path_component.o)
                0x000000000001b7c4                bb_get_last_path_component_nostrip
 .text.bb_get_last_path_component_strip
                0x000000000001b800       0x44 libbb/lib.a(get_last_path_component.o)
                0x000000000001b800                bb_get_last_path_component_strip
 .text.last_char_is
                0x000000000001b844       0x48 libbb/lib.a(last_char_is.o)
                0x000000000001b844                last_char_is
 .text.llist_add_to
                0x000000000001b88c       0x28 libbb/lib.a(llist.o)
                0x000000000001b88c                llist_add_to
 .text.llist_add_to_end
                0x000000000001b8b4       0x30 libbb/lib.a(llist.o)
                0x000000000001b8b4                llist_add_to_end
 .text.llist_pop
                0x000000000001b8e4       0x2c libbb/lib.a(llist.o)
                0x000000000001b8e4                llist_pop
 .text.llist_unlink
                0x000000000001b910       0x34 libbb/lib.a(llist.o)
                0x000000000001b910                llist_unlink
 .text.llist_free
                0x000000000001b944       0x3c libbb/lib.a(llist.o)
                0x000000000001b944                llist_free
 .text.llist_rev
                0x000000000001b980       0x24 libbb/lib.a(llist.o)
                0x000000000001b980                llist_rev
 .text.llist_find_str
                0x000000000001b9a4       0x34 libbb/lib.a(llist.o)
                0x000000000001b9a4                llist_find_str
 .text.bb_perror_msg
                0x000000000001b9d8       0x4c libbb/lib.a(perror_msg.o)
                0x000000000001b9d8                bb_perror_msg
 .text.bb_perror_msg_and_die
                0x000000000001ba24       0x40 libbb/lib.a(perror_msg.o)
                0x000000000001ba24                bb_perror_msg_and_die
 .text.bb_simple_perror_msg
                0x000000000001ba64       0x10 libbb/lib.a(perror_msg.o)
                0x000000000001ba64                bb_simple_perror_msg
 .text.bb_simple_perror_msg_and_die
                0x000000000001ba74       0x14 libbb/lib.a(perror_msg.o)
                0x000000000001ba74                bb_simple_perror_msg_and_die
 .text.skip_whitespace
                0x000000000001ba88       0x20 libbb/lib.a(skip_whitespace.o)
                0x000000000001ba88                skip_whitespace
 .text.skip_non_whitespace
                0x000000000001baa8       0x24 libbb/lib.a(skip_whitespace.o)
                0x000000000001baa8                skip_non_whitespace
 .text.skip_dev_pfx
                0x000000000001bacc       0x24 libbb/lib.a(skip_whitespace.o)
                0x000000000001bacc                skip_dev_pfx
 .text.bb_verror_msg
                0x000000000001baf0      0x214 libbb/lib.a(verror_msg.o)
                0x000000000001baf0                bb_verror_msg
 .text.bb_error_msg_and_die
                0x000000000001bd04       0x20 libbb/lib.a(verror_msg.o)
                0x000000000001bd04                bb_error_msg_and_die
 .text.bb_error_msg
                0x000000000001bd24       0x2c libbb/lib.a(verror_msg.o)
                0x000000000001bd24                bb_error_msg
 .text.xfdopen_helper
                0x000000000001bd50       0x38 libbb/lib.a(wfopen.o)
 .text.fopen_or_warn
                0x000000000001bd88       0x24 libbb/lib.a(wfopen.o)
                0x000000000001bd88                fopen_or_warn
 .text.fopen_for_read
                0x000000000001bdac        0xc libbb/lib.a(wfopen.o)
                0x000000000001bdac                fopen_for_read
 .text.xfopen_for_read
                0x000000000001bdb8        0xc libbb/lib.a(wfopen.o)
                0x000000000001bdb8                xfopen_for_read
 .text.fopen_for_write
                0x000000000001bdc4        0xc libbb/lib.a(wfopen.o)
                0x000000000001bdc4                fopen_for_write
 .text.xfopen_for_write
                0x000000000001bdd0        0xc libbb/lib.a(wfopen.o)
                0x000000000001bdd0                xfopen_for_write
 .text.xfdopen_for_read
                0x000000000001bddc        0x8 libbb/lib.a(wfopen.o)
                0x000000000001bddc                xfdopen_for_read
 .text.xfdopen_for_write
                0x000000000001bde4        0xc libbb/lib.a(wfopen.o)
                0x000000000001bde4                xfdopen_for_write
 .text.xfunc_die
                0x000000000001bdf0       0x2c libbb/lib.a(xfunc_die.o)
                0x000000000001bdf0                xfunc_die
 .text.ndelay_on
                0x000000000001be1c       0x34 libbb/lib.a(xfuncs.o)
                0x000000000001be1c                ndelay_on
 .text.ndelay_off
                0x000000000001be50       0x34 libbb/lib.a(xfuncs.o)
                0x000000000001be50                ndelay_off
 .text.close_on_exec_on
                0x000000000001be84        0xc libbb/lib.a(xfuncs.o)
                0x000000000001be84                close_on_exec_on
 .text.strncpy_IFNAMSIZ
                0x000000000001be90        0x8 libbb/lib.a(xfuncs.o)
                0x000000000001be90                strncpy_IFNAMSIZ
 .text.utoa_to_buf
                0x000000000001be98       0x94 libbb/lib.a(xfuncs.o)
                0x000000000001be98                utoa_to_buf
 .text.itoa_to_buf
                0x000000000001bf2c       0x2c libbb/lib.a(xfuncs.o)
                0x000000000001bf2c                itoa_to_buf
 .text.utoa     0x000000000001bf58       0x28 libbb/lib.a(xfuncs.o)
                0x000000000001bf58                utoa
 .text.itoa     0x000000000001bf80       0x28 libbb/lib.a(xfuncs.o)
                0x000000000001bf80                itoa
 .text.bin2hex  0x000000000001bfa8       0x4c libbb/lib.a(xfuncs.o)
                0x000000000001bfa8                bin2hex
 .text.hex2bin  0x000000000001bff4       0xec libbb/lib.a(xfuncs.o)
                0x000000000001bff4                hex2bin
 .text.bb_putchar_stderr
                0x000000000001c0e0       0x20 libbb/lib.a(xfuncs.o)
                0x000000000001c0e0                bb_putchar_stderr
 .text.full_write1_str
                0x000000000001c100       0x20 libbb/lib.a(xfuncs.o)
                0x000000000001c100                full_write1_str
 .text.full_write2_str
                0x000000000001c120       0x20 libbb/lib.a(xfuncs.o)
                0x000000000001c120                full_write2_str
 .text.get_terminal_width_height
                0x000000000001c140      0x134 libbb/lib.a(xfuncs.o)
                0x000000000001c140                get_terminal_width_height
 .text.get_terminal_width
                0x000000000001c274       0x1c libbb/lib.a(xfuncs.o)
                0x000000000001c274                get_terminal_width
 .text.tcsetattr_stdin_TCSANOW
                0x000000000001c290       0x10 libbb/lib.a(xfuncs.o)
                0x000000000001c290                tcsetattr_stdin_TCSANOW
 .text.safe_waitpid
                0x000000000001c2a0       0x44 libbb/lib.a(xfuncs.o)
                0x000000000001c2a0                safe_waitpid
 .text.wait_any_nohang
                0x000000000001c2e4       0x10 libbb/lib.a(xfuncs.o)
                0x000000000001c2e4                wait_any_nohang
 .text.wait4pid
                0x000000000001c2f4       0x54 libbb/lib.a(xfuncs.o)
                0x000000000001c2f4                wait4pid
 .text.wait_for_exitstatus
                0x000000000001c348       0x30 libbb/lib.a(xfuncs.o)
                0x000000000001c348                wait_for_exitstatus
 .text.malloc_or_warn
                0x000000000001c378       0x3c libbb/lib.a(xfuncs_printf.o)
                0x000000000001c378                malloc_or_warn
 .text.xmalloc  0x000000000001c3b4       0x30 libbb/lib.a(xfuncs_printf.o)
                0x000000000001c3b4                xmalloc
 .text.xrealloc
                0x000000000001c3e4       0x30 libbb/lib.a(xfuncs_printf.o)
                0x000000000001c3e4                xrealloc
 .text.xzalloc  0x000000000001c414       0x24 libbb/lib.a(xfuncs_printf.o)
                0x000000000001c414                xzalloc
 .text.xstrdup  0x000000000001c438       0x2c libbb/lib.a(xfuncs_printf.o)
                0x000000000001c438                xstrdup
 .text.xstrndup
                0x000000000001c464       0x4c libbb/lib.a(xfuncs_printf.o)
                0x000000000001c464                xstrndup
 .text.xmemdup  0x000000000001c4b0       0x24 libbb/lib.a(xfuncs_printf.o)
                0x000000000001c4b0                xmemdup
 .text.xfopen   0x000000000001c4d4       0x24 libbb/lib.a(xfuncs_printf.o)
                0x000000000001c4d4                xfopen
 .text.xopen3   0x000000000001c4f8       0x24 libbb/lib.a(xfuncs_printf.o)
                0x000000000001c4f8                xopen3
 .text.xopen    0x000000000001c51c        0x8 libbb/lib.a(xfuncs_printf.o)
                0x000000000001c51c                xopen
 .text.open3_or_warn
                0x000000000001c524       0x2c libbb/lib.a(xfuncs_printf.o)
                0x000000000001c524                open3_or_warn
 .text.open_or_warn
                0x000000000001c550        0x8 libbb/lib.a(xfuncs_printf.o)
                0x000000000001c550                open_or_warn
 .text.xopen_nonblocking
                0x000000000001c558        0x8 libbb/lib.a(xfuncs_printf.o)
                0x000000000001c558                xopen_nonblocking
 .text.xunlink  0x000000000001c560       0x24 libbb/lib.a(xfuncs_printf.o)
                0x000000000001c560                xunlink
 .text.xrename  0x000000000001c584       0x2c libbb/lib.a(xfuncs_printf.o)
                0x000000000001c584                xrename
 .text.rename_or_warn
                0x000000000001c5b0       0x34 libbb/lib.a(xfuncs_printf.o)
                0x000000000001c5b0                rename_or_warn
 .text.xpipe    0x000000000001c5e4       0x1c libbb/lib.a(xfuncs_printf.o)
                0x000000000001c5e4                xpipe
 .text.xdup2    0x000000000001c600       0x20 libbb/lib.a(xfuncs_printf.o)
                0x000000000001c600                xdup2
 .text.xmove_fd
                0x000000000001c620       0x20 libbb/lib.a(xfuncs_printf.o)
                0x000000000001c620                xmove_fd
 .text.xwrite   0x000000000001c640       0x38 libbb/lib.a(xfuncs_printf.o)
                0x000000000001c640                xwrite
 .text.xwrite_str
                0x000000000001c678       0x28 libbb/lib.a(xfuncs_printf.o)
                0x000000000001c678                xwrite_str
 .text.xclose   0x000000000001c6a0       0x1c libbb/lib.a(xfuncs_printf.o)
                0x000000000001c6a0                xclose
 .text.xlseek   0x000000000001c6bc       0x5c libbb/lib.a(xfuncs_printf.o)
                0x000000000001c6bc                xlseek
 .text.xmkstemp
                0x000000000001c718       0x24 libbb/lib.a(xfuncs_printf.o)
                0x000000000001c718                xmkstemp
 .text.die_if_ferror
                0x000000000001c73c       0x24 libbb/lib.a(xfuncs_printf.o)
                0x000000000001c73c                die_if_ferror
 .text.die_if_ferror_stdout
                0x000000000001c760       0x18 libbb/lib.a(xfuncs_printf.o)
                0x000000000001c760                die_if_ferror_stdout
 .text.fflush_all
                0x000000000001c778        0x8 libbb/lib.a(xfuncs_printf.o)
                0x000000000001c778                fflush_all
 .text.bb_putchar
                0x000000000001c780        0x4 libbb/lib.a(xfuncs_printf.o)
                0x000000000001c780                bb_putchar
 .text.xprint_and_close_file
                0x000000000001c784       0x40 libbb/lib.a(xfuncs_printf.o)
                0x000000000001c784                xprint_and_close_file
 .text.xasprintf
                0x000000000001c7c4       0x44 libbb/lib.a(xfuncs_printf.o)
                0x000000000001c7c4                xasprintf
 .text.xsetenv  0x000000000001c808       0x20 libbb/lib.a(xfuncs_printf.o)
                0x000000000001c808                xsetenv
 .text.bb_unsetenv
                0x000000000001c828       0x40 libbb/lib.a(xfuncs_printf.o)
                0x000000000001c828                bb_unsetenv
 .text.bb_unsetenv_and_free
                0x000000000001c868       0x18 libbb/lib.a(xfuncs_printf.o)
                0x000000000001c868                bb_unsetenv_and_free
 .text.xsetgid  0x000000000001c880       0x1c libbb/lib.a(xfuncs_printf.o)
                0x000000000001c880                xsetgid
 .text.xsetuid  0x000000000001c89c       0x1c libbb/lib.a(xfuncs_printf.o)
                0x000000000001c89c                xsetuid
 .text.xsetegid
                0x000000000001c8b8       0x1c libbb/lib.a(xfuncs_printf.o)
                0x000000000001c8b8                xsetegid
 .text.xseteuid
                0x000000000001c8d4       0x1c libbb/lib.a(xfuncs_printf.o)
                0x000000000001c8d4                xseteuid
 .text.xopen_as_uid_gid
                0x000000000001c8f0       0x5c libbb/lib.a(xfuncs_printf.o)
                0x000000000001c8f0                xopen_as_uid_gid
 .text.xchdir   0x000000000001c94c       0x24 libbb/lib.a(xfuncs_printf.o)
                0x000000000001c94c                xchdir
 .text.xfchdir  0x000000000001c970       0x1c libbb/lib.a(xfuncs_printf.o)
                0x000000000001c970                xfchdir
 .text.xchroot  0x000000000001c98c       0x34 libbb/lib.a(xfuncs_printf.o)
                0x000000000001c98c                xchroot
 .text.warn_opendir
                0x000000000001c9c0       0x2c libbb/lib.a(xfuncs_printf.o)
                0x000000000001c9c0                warn_opendir
 .text.xopendir
                0x000000000001c9ec       0x24 libbb/lib.a(xfuncs_printf.o)
                0x000000000001c9ec                xopendir
 .text.xsocket  0x000000000001ca10       0x1c libbb/lib.a(xfuncs_printf.o)
                0x000000000001ca10                xsocket
 .text.xbind    0x000000000001ca2c       0x1c libbb/lib.a(xfuncs_printf.o)
                0x000000000001ca2c                xbind
 .text.xlisten  0x000000000001ca48       0x1c libbb/lib.a(xfuncs_printf.o)
                0x000000000001ca48                xlisten
 .text.xsendto  0x000000000001ca64       0x34 libbb/lib.a(xfuncs_printf.o)
                0x000000000001ca64                xsendto
 .text.xstat    0x000000000001ca98       0x24 libbb/lib.a(xfuncs_printf.o)
                0x000000000001ca98                xstat
 .text.xfstat   0x000000000001cabc       0x1c libbb/lib.a(xfuncs_printf.o)
                0x000000000001cabc                xfstat
 .text.ioctl_or_perror_and_die
                0x000000000001cad8       0x54 libbb/lib.a(xfuncs_printf.o)
                0x000000000001cad8                ioctl_or_perror_and_die
 .text.ioctl_or_perror
                0x000000000001cb2c       0x54 libbb/lib.a(xfuncs_printf.o)
                0x000000000001cb2c                ioctl_or_perror
 .text.bb_ioctl_or_warn
                0x000000000001cb80       0x24 libbb/lib.a(xfuncs_printf.o)
                0x000000000001cb80                bb_ioctl_or_warn
 .text.bb_xioctl
                0x000000000001cba4       0x1c libbb/lib.a(xfuncs_printf.o)
                0x000000000001cba4                bb_xioctl
 .text.xmalloc_ttyname
                0x000000000001cbc0       0x30 libbb/lib.a(xfuncs_printf.o)
                0x000000000001cbc0                xmalloc_ttyname
 .text.generate_uuid
                0x000000000001cbf0       0xa4 libbb/lib.a(xfuncs_printf.o)
                0x000000000001cbf0                generate_uuid
 .text.xfork    0x000000000001cc94       0x1c libbb/lib.a(xfuncs_printf.o)
                0x000000000001cc94                xfork
 .text.xvfork_parent_waits_and_exits
                0x000000000001ccb0       0x4c libbb/lib.a(xfuncs_printf.o)
                0x000000000001ccb0                xvfork_parent_waits_and_exits
 .text.xmalloc_readlink
                0x000000000001ccfc       0x64 libbb/lib.a(xreadlink.o)
                0x000000000001ccfc                xmalloc_readlink
 .text.xmalloc_follow_symlinks
                0x000000000001cd60       0xbc libbb/lib.a(xreadlink.o)
                0x000000000001cd60                xmalloc_follow_symlinks
 .text.xmalloc_readlink_or_warn
                0x000000000001ce1c       0x54 libbb/lib.a(xreadlink.o)
                0x000000000001ce1c                xmalloc_readlink_or_warn
 .text.xmalloc_realpath
                0x000000000001ce70        0x8 libbb/lib.a(xreadlink.o)
                0x000000000001ce70                xmalloc_realpath
 .text.bb_full_fd_action
                0x000000000001ce78      0x188 libbb/lib.a(copyfd.o)
 .text.bb_copyfd_size
                0x000000000001d000       0x28 libbb/lib.a(copyfd.o)
                0x000000000001d000                bb_copyfd_size
 .text.bb_copyfd_exact_size
                0x000000000001d028       0x58 libbb/lib.a(copyfd.o)
                0x000000000001d028                bb_copyfd_exact_size
 .text.bb_copyfd_eof
                0x000000000001d080        0xc libbb/lib.a(copyfd.o)
                0x000000000001d080                bb_copyfd_eof
 .text.full_write
                0x000000000001d08c       0x58 libbb/lib.a(full_write.o)
                0x000000000001d08c                full_write
 .text.safe_read
                0x000000000001d0e4       0x44 libbb/lib.a(read.o)
                0x000000000001d0e4                safe_read
 .text.full_read
                0x000000000001d128       0x58 libbb/lib.a(read.o)
                0x000000000001d128                full_read
 .text.read_close
                0x000000000001d180       0x20 libbb/lib.a(read.o)
                0x000000000001d180                read_close
 .text.open_read_close
                0x000000000001d1a0       0x2c libbb/lib.a(read.o)
                0x000000000001d1a0                open_read_close
 .text.safe_write
                0x000000000001d1cc       0x44 libbb/lib.a(safe_write.o)
                0x000000000001d1cc                safe_write
 .text.record_signo
                0x000000000001d210       0x10 libbb/lib.a(signals.o)
                0x000000000001d210                record_signo
 .text.sigaction_set
                0x000000000001d220        0x8 libbb/lib.a(signals.o)
                0x000000000001d220                sigaction_set
 .text.sigprocmask_allsigs
                0x000000000001d228       0x2c libbb/lib.a(signals.o)
                0x000000000001d228                sigprocmask_allsigs
 .text.bb_signals
                0x000000000001d254       0x44 libbb/lib.a(signals.o)
                0x000000000001d254                bb_signals
 .text.bb_signals_recursive_norestart
                0x000000000001d298       0x60 libbb/lib.a(signals.o)
                0x000000000001d298                bb_signals_recursive_norestart
 .text.sig_block
                0x000000000001d2f8       0x38 libbb/lib.a(signals.o)
                0x000000000001d2f8                sig_block
 .text.sig_unblock
                0x000000000001d330       0x38 libbb/lib.a(signals.o)
                0x000000000001d330                sig_unblock
 .text.wait_for_any_sig
                0x000000000001d368       0x20 libbb/lib.a(signals.o)
                0x000000000001d368                wait_for_any_sig
 .text.kill_myself_with_sig
                0x000000000001d388       0x28 libbb/lib.a(signals.o)
                0x000000000001d388                kill_myself_with_sig
 .text.signal_SA_RESTART_empty_mask
                0x000000000001d3b0       0x40 libbb/lib.a(signals.o)
                0x000000000001d3b0                signal_SA_RESTART_empty_mask
 .text.signal_no_SA_RESTART_empty_mask
                0x000000000001d3f0       0x38 libbb/lib.a(signals.o)
                0x000000000001d3f0                signal_no_SA_RESTART_empty_mask
 .text.get_mono
                0x000000000001d428       0x28 libbb/lib.a(time.o)
 .text.parse_datestr
                0x000000000001d450      0x45c libbb/lib.a(time.o)
                0x000000000001d450                parse_datestr
 .text.validate_tm_time
                0x000000000001d8ac       0x28 libbb/lib.a(time.o)
                0x000000000001d8ac                validate_tm_time
 .text.strftime_HHMMSS
                0x000000000001d8d4       0x48 libbb/lib.a(time.o)
                0x000000000001d8d4                strftime_HHMMSS
 .text.strftime_YYYYMMDDHHMMSS
                0x000000000001d91c       0x48 libbb/lib.a(time.o)
                0x000000000001d91c                strftime_YYYYMMDDHHMMSS
 .text.monotonic_us
                0x000000000001d964       0x34 libbb/lib.a(time.o)
                0x000000000001d964                monotonic_us
 .text.monotonic_ms
                0x000000000001d998       0x34 libbb/lib.a(time.o)
                0x000000000001d998                monotonic_ms
 .text.monotonic_sec
                0x000000000001d9cc       0x18 libbb/lib.a(time.o)
                0x000000000001d9cc                monotonic_sec
 .text.handle_errors.isra.0
                0x000000000001d9e4       0x64 libbb/lib.a(bb_strtonum.o)
 .text.bb_strtoull
                0x000000000001da48       0x6c libbb/lib.a(bb_strtonum.o)
                0x000000000001da48                bb_strtoull
 .text.bb_strtoll
                0x000000000001dab4       0x80 libbb/lib.a(bb_strtonum.o)
                0x000000000001dab4                bb_strtoll
 .text.bb_strtoul
                0x000000000001db34       0x6c libbb/lib.a(bb_strtonum.o)
                0x000000000001db34                bb_strtoul
 .text.bb_strtol
                0x000000000001dba0       0x7c libbb/lib.a(bb_strtonum.o)
                0x000000000001dba0                bb_strtol
 .text.get_S    0x000000000001dc1c       0xc0 libpwdgrp/lib.a(pwd_grp.o)
 .text.tokenize
                0x000000000001dcdc       0xc8 libpwdgrp/lib.a(pwd_grp.o)
 .text.parse_common
                0x000000000001dda4       0xf0 libpwdgrp/lib.a(pwd_grp.o)
 .text.parse_file
                0x000000000001de94       0x48 libpwdgrp/lib.a(pwd_grp.o)
 .text.convert_to_struct
                0x000000000001dedc      0x170 libpwdgrp/lib.a(pwd_grp.o)
 .text.massage_data_for_r_func
                0x000000000001e04c       0x8c libpwdgrp/lib.a(pwd_grp.o)
 .text.massage_data_for_non_r_func
                0x000000000001e0d8       0x78 libpwdgrp/lib.a(pwd_grp.o)
 .text.getXXnam
                0x000000000001e150       0x38 libpwdgrp/lib.a(pwd_grp.o)
 .text.getgrouplist_internal
                0x000000000001e188       0xf8 libpwdgrp/lib.a(pwd_grp.o)
 .text.bb_internal_getspnam_r
                0x000000000001e280       0x4c libpwdgrp/lib.a(pwd_grp.o)
                0x000000000001e280                bb_internal_getspnam_r
 .text.bb_internal_getpwent
                0x000000000001e2cc       0x58 libpwdgrp/lib.a(pwd_grp.o)
                0x000000000001e2cc                bb_internal_getpwent
 .text.bb_internal_getpwnam
                0x000000000001e324        0x8 libpwdgrp/lib.a(pwd_grp.o)
                0x000000000001e324                bb_internal_getpwnam
 .text.bb_internal_getgrnam
                0x000000000001e32c        0x8 libpwdgrp/lib.a(pwd_grp.o)
                0x000000000001e32c                bb_internal_getgrnam
 .text.bb_internal_getpwuid
                0x000000000001e334       0x14 libpwdgrp/lib.a(pwd_grp.o)
                0x000000000001e334                bb_internal_getpwuid
 .text.bb_internal_getgrgid
                0x000000000001e348       0x14 libpwdgrp/lib.a(pwd_grp.o)
                0x000000000001e348                bb_internal_getgrgid
 .text.bb_internal_endpwent
                0x000000000001e35c       0x38 libpwdgrp/lib.a(pwd_grp.o)
                0x000000000001e35c                bb_internal_endpwent
 .text.bb_internal_setpwent
                0x000000000001e394       0x24 libpwdgrp/lib.a(pwd_grp.o)
                0x000000000001e394                bb_internal_setpwent
 .text.bb_internal_endgrent
                0x000000000001e3b8       0x38 libpwdgrp/lib.a(pwd_grp.o)
                0x000000000001e3b8                bb_internal_endgrent
 .text.bb_internal_initgroups
                0x000000000001e3f0       0x40 libpwdgrp/lib.a(pwd_grp.o)
                0x000000000001e3f0                bb_internal_initgroups
 .text.bb_internal_getgrouplist
                0x000000000001e430       0x5c libpwdgrp/lib.a(pwd_grp.o)
                0x000000000001e430                bb_internal_getgrouplist
 .text.get_uidgid
                0x000000000001e48c      0x108 libpwdgrp/lib.a(uidgid_get.o)
                0x000000000001e48c                get_uidgid
 .text.xget_uidgid
                0x000000000001e594       0x24 libpwdgrp/lib.a(uidgid_get.o)
                0x000000000001e594                xget_uidgid
 .text.parse_chown_usergroup_or_die
                0x000000000001e5b8       0x9c libpwdgrp/lib.a(uidgid_get.o)
                0x000000000001e5b8                parse_chown_usergroup_or_die
 .text.addgroup_main
                0x000000000001e654      0x230 loginutils/lib.a(addgroup.o)
                0x000000000001e654                addgroup_main
 .text.addgroup_wrapper
                0x000000000001e884       0x7c loginutils/lib.a(adduser.o)
 .text.adduser_main
                0x000000000001e900      0x448 loginutils/lib.a(adduser.o)
                0x000000000001e900                adduser_main
 .text.chpasswd_main
                0x000000000001ed48      0x19c loginutils/lib.a(chpasswd.o)
                0x000000000001ed48                chpasswd_main
 .text.cryptpw_main
                0x000000000001eee4      0x13c loginutils/lib.a(cryptpw.o)
                0x000000000001eee4                cryptpw_main
 .text.deluser_main
                0x000000000001f020      0x1c4 loginutils/lib.a(deluser.o)
                0x000000000001f020                deluser_main
 .text.sleep10  0x000000000001f1e4        0x8 loginutils/lib.a(getty.o)
 .text.bcode    0x000000000001f1ec       0x20 loginutils/lib.a(getty.o)
 .text.set_tty_attrs
                0x000000000001f20c       0x2c loginutils/lib.a(getty.o)
 .text.finalize_tty_attrs
                0x000000000001f238       0x88 loginutils/lib.a(getty.o)
 .text.alarm_handler
                0x000000000001f2c0       0x10 loginutils/lib.a(getty.o)
 .text.getty_main
                0x000000000001f2d0      0x798 loginutils/lib.a(getty.o)
                0x000000000001f2d0                getty_main
 .text.alarm_handler
                0x000000000001fa68       0x3c loginutils/lib.a(login.o)
 .text.login_main
                0x000000000001faa4      0x584 loginutils/lib.a(login.o)
                0x000000000001faa4                login_main
 .text.passwd_main
                0x0000000000020028      0x488 loginutils/lib.a(passwd.o)
                0x0000000000020028                passwd_main
 .text.su_main  0x00000000000204b0      0x25c loginutils/lib.a(su.o)
                0x00000000000204b0                su_main
 .text.sulogin_main
                0x000000000002070c      0x144 loginutils/lib.a(sulogin.o)
                0x000000000002070c                sulogin_main
 .text.acquire_vt
                0x0000000000020850       0x10 loginutils/lib.a(vlock.o)
 .text.release_vt
                0x0000000000020860       0x24 loginutils/lib.a(vlock.o)
 .text.vlock_main
                0x0000000000020884      0x1c4 loginutils/lib.a(vlock.o)
                0x0000000000020884                vlock_main
 .text.makemime_main
                0x0000000000020a48      0x1a0 mailutils/lib.a(makemime.o)
                0x0000000000020a48                makemime_main
 .text.pop3_checkr
                0x0000000000020be8       0xa0 mailutils/lib.a(popmaildir.o)
 .text.popmaildir_main
                0x0000000000020c88      0x404 mailutils/lib.a(popmaildir.o)
                0x0000000000020c88                popmaildir_main
 .text.find_token
                0x000000000002108c       0x4c mailutils/lib.a(reformime.o)
 .text.parse    0x00000000000210d8      0x498 mailutils/lib.a(reformime.o)
 .text.reformime_main
                0x0000000000021570       0xb0 mailutils/lib.a(reformime.o)
                0x0000000000021570                reformime_main
 .text.smtp_checkp
                0x0000000000021620       0xd4 mailutils/lib.a(sendmail.o)
 .text.rcptto   0x00000000000216f4       0x44 mailutils/lib.a(sendmail.o)
 .text.smtp_check
                0x0000000000021738        0xc mailutils/lib.a(sendmail.o)
 .text.sane_address
                0x0000000000021744       0x68 mailutils/lib.a(sendmail.o)
 .text.angle_address
                0x00000000000217ac       0x48 mailutils/lib.a(sendmail.o)
 .text.rcptto_list
                0x00000000000217f4       0xa4 mailutils/lib.a(sendmail.o)
 .text.send_r_n
                0x0000000000021898       0x44 mailutils/lib.a(sendmail.o)
 .text.sendmail_main
                0x00000000000218dc      0x584 mailutils/lib.a(sendmail.o)
                0x00000000000218dc                sendmail_main
 .text.kill_helper
                0x0000000000021e60       0x30 mailutils/lib.a(mail.o)
 .text.signal_handler
                0x0000000000021e90       0x90 mailutils/lib.a(mail.o)
 .text.launch_helper
                0x0000000000021f20       0xfc mailutils/lib.a(mail.o)
                0x0000000000021f20                launch_helper
 .text.send_mail_command
                0x000000000002201c       0x78 mailutils/lib.a(mail.o)
                0x000000000002201c                send_mail_command
 .text.encode_base64
                0x0000000000022094      0x134 mailutils/lib.a(mail.o)
                0x0000000000022094                encode_base64
 .text.get_cred_or_die
                0x00000000000221c8       0xa8 mailutils/lib.a(mail.o)
                0x00000000000221c8                get_cred_or_die
 .text.adjtimex_main
                0x0000000000022270      0x1dc miscutils/lib.a(adjtimex.o)
                0x0000000000022270                adjtimex_main
 .text.beep_main
                0x000000000002244c      0x160 miscutils/lib.a(beep.o)
                0x000000000002244c                beep_main
 .text.signal_handler
                0x00000000000225ac       0x14 miscutils/lib.a(chat.o)
 .text.unescape
                0x00000000000225c0       0xdc miscutils/lib.a(chat.o)
 .text.chat_main
                0x000000000002269c      0x590 miscutils/lib.a(chat.o)
                0x000000000002269c                chat_main
 .text.show_min_max
                0x0000000000022c2c       0x50 miscutils/lib.a(chrt.o)
 .text.chrt_main
                0x0000000000022c7c      0x1c0 miscutils/lib.a(chrt.o)
                0x0000000000022c7c                chrt_main
 .text.create_cdev_if_doesnt_exist
                0x0000000000022e3c       0x58 miscutils/lib.a(conspy.o)
 .text.start_shell_in_child
                0x0000000000022e94       0xf4 miscutils/lib.a(conspy.o)
 .text.putcsi   0x0000000000022f88       0x30 miscutils/lib.a(conspy.o)
 .text.set_cursor
                0x0000000000022fb8       0x48 miscutils/lib.a(conspy.o)
 .text.gotoxy   0x0000000000023000       0x44 miscutils/lib.a(conspy.o)
 .text.screen_char
                0x0000000000023044      0x14c miscutils/lib.a(conspy.o)
 .text.screen_dump
                0x0000000000023190       0xe4 miscutils/lib.a(conspy.o)
 .text.cleanup  0x0000000000023274       0x68 miscutils/lib.a(conspy.o)
 .text.screen_read_close
                0x00000000000232dc      0x12c miscutils/lib.a(conspy.o)
 .text.conspy_main
                0x0000000000023408      0x5dc miscutils/lib.a(conspy.o)
                0x0000000000023408                conspy_main
 .text.crondlog
                0x00000000000239e4       0x48 miscutils/lib.a(crond.o)
 .text.log8     0x0000000000023a2c       0x2c miscutils/lib.a(crond.o)
 .text.log5     0x0000000000023a58       0x2c miscutils/lib.a(crond.o)
 .text.reopen_logfile_to_stderr
                0x0000000000023a84       0x34 miscutils/lib.a(crond.o)
 .text.delete_cronfile
                0x0000000000023ab8       0xb0 miscutils/lib.a(crond.o)
 .text.ParseField
                0x0000000000023b68      0x220 miscutils/lib.a(crond.o)
 .text.fork_job
                0x0000000000023d88      0x1fc miscutils/lib.a(crond.o)
 .text.log7.constprop.0
                0x0000000000023f84       0x30 miscutils/lib.a(crond.o)
 .text.load_crontab
                0x0000000000023fb4      0x358 miscutils/lib.a(crond.o)
 .text.rescan_crontab_dir
                0x000000000002430c       0xb4 miscutils/lib.a(crond.o)
 .text.crond_main
                0x00000000000243c0      0x64c miscutils/lib.a(crond.o)
                0x00000000000243c0                crond_main
 .text.edit_file
                0x0000000000024a0c       0xa0 miscutils/lib.a(crontab.o)
 .text.crontab_main
                0x0000000000024aac      0x2b0 miscutils/lib.a(crontab.o)
                0x0000000000024aac                crontab_main
 .text.pop      0x0000000000024d5c       0x40 miscutils/lib.a(dc.o)
 .text.push     0x0000000000024d9c       0x44 miscutils/lib.a(dc.o)
 .text.divide   0x0000000000024de0       0x24 miscutils/lib.a(dc.o)
 .text.mul      0x0000000000024e04       0x24 miscutils/lib.a(dc.o)
 .text.sub      0x0000000000024e28       0x24 miscutils/lib.a(dc.o)
 .text.add      0x0000000000024e4c       0x24 miscutils/lib.a(dc.o)
 .text.eor      0x0000000000024e70       0x44 miscutils/lib.a(dc.o)
 .text.not      0x0000000000024eb4       0x28 miscutils/lib.a(dc.o)
 .text.or       0x0000000000024edc       0x44 miscutils/lib.a(dc.o)
 .text.and      0x0000000000024f20       0x44 miscutils/lib.a(dc.o)
 .text.mod      0x0000000000024f64       0x58 miscutils/lib.a(dc.o)
 .text.stack_machine
                0x0000000000024fbc       0x9c miscutils/lib.a(dc.o)
 .text.set_output_base
                0x0000000000025058       0x60 miscutils/lib.a(dc.o)
 .text.print_base
                0x00000000000250b8      0x100 miscutils/lib.a(dc.o)
 .text.print_stack_no_pop
                0x00000000000251b8       0x3c miscutils/lib.a(dc.o)
 .text.power    0x00000000000251f4       0x38 miscutils/lib.a(dc.o)
 .text.print_no_pop
                0x000000000002522c       0x3c miscutils/lib.a(dc.o)
 .text.dc_main  0x0000000000025268       0x78 miscutils/lib.a(dc.o)
                0x0000000000025268                dc_main
 .text.devmem_main
                0x00000000000252e0      0x22c miscutils/lib.a(devmem.o)
                0x00000000000252e0                devmem_main
 .text.eject_main
                0x000000000002550c      0x19c miscutils/lib.a(eject.o)
                0x000000000002550c                eject_main
 .text.fb_pixel_value
                0x00000000000256a8       0x7c miscutils/lib.a(fbsplash.o)
 .text.fb_write_pixel
                0x0000000000025724       0x44 miscutils/lib.a(fbsplash.o)
 .text.fb_drawfullrectangle
                0x0000000000025768       0x88 miscutils/lib.a(fbsplash.o)
 .text.fb_drawprogressbar
                0x00000000000257f0      0x1fc miscutils/lib.a(fbsplash.o)
 .text.fb_setpal
                0x00000000000259ec       0x9c miscutils/lib.a(fbsplash.o)
 .text.fbsplash_main
                0x0000000000025a88      0x498 miscutils/lib.a(fbsplash.o)
                0x0000000000025a88                fbsplash_main
 .text.parse_opts
                0x0000000000025f20       0x34 miscutils/lib.a(hdparm.o)
 .text.parse_opts_0_1
                0x0000000000025f54        0xc miscutils/lib.a(hdparm.o)
 .text.parse_opts_0_INTMAX
                0x0000000000025f60        0xc miscutils/lib.a(hdparm.o)
 .text.translate_xfermode
                0x0000000000025f6c       0x88 miscutils/lib.a(hdparm.o)
 .text.read_big_block
                0x0000000000025ff4       0x38 miscutils/lib.a(hdparm.o)
 .text.xprint_ascii
                0x000000000002602c       0x8c miscutils/lib.a(hdparm.o)
 .text.mode_loop
                0x00000000000260b8       0x88 miscutils/lib.a(hdparm.o)
 .text.print_flag
                0x0000000000026140       0x14 miscutils/lib.a(hdparm.o)
 .text.on_off   0x0000000000026154       0x20 miscutils/lib.a(hdparm.o)
 .text.print_flag_on_off
                0x0000000000026174       0x28 miscutils/lib.a(hdparm.o)
 .text.print_value_on_off
                0x000000000002619c       0x30 miscutils/lib.a(hdparm.o)
 .text.identify
                0x00000000000261cc     0x124c miscutils/lib.a(hdparm.o)
 .text.identify_from_stdin
                0x0000000000027418       0x90 miscutils/lib.a(hdparm.o)
 .text.dump_identity
                0x00000000000274a8      0x4ac miscutils/lib.a(hdparm.o)
 .text.seek_to_zero
                0x0000000000027954       0x24 miscutils/lib.a(hdparm.o)
 .text.flush_buffer_cache
                0x0000000000027978       0x6c miscutils/lib.a(hdparm.o)
 .text.do_time  0x00000000000279e4      0x1f4 miscutils/lib.a(hdparm.o)
 .text.ioctl_alt_func.constprop.0
                0x0000000000027bd8       0x44 miscutils/lib.a(hdparm.o)
 .text.bus_state_value
                0x0000000000027c1c       0x44 miscutils/lib.a(hdparm.o)
 .text.process_dev
                0x0000000000027c60      0xe48 miscutils/lib.a(hdparm.o)
 .text.hdparm_main
                0x0000000000028aa8      0x51c miscutils/lib.a(hdparm.o)
                0x0000000000028aa8                hdparm_main
 .text.i2c_bus_lookup
                0x0000000000028fc4       0x14 miscutils/lib.a(i2c_tools.o)
 .text.i2c_dev_open
                0x0000000000028fd8       0x70 miscutils/lib.a(i2c_tools.o)
 .text.check_funcs_test_end
                0x0000000000029048       0x3c miscutils/lib.a(i2c_tools.o)
 .text.check_read_funcs
                0x0000000000029084       0xf8 miscutils/lib.a(i2c_tools.o)
 .text.i2c_set_slave_addr
                0x000000000002917c       0x34 miscutils/lib.a(i2c_tools.o)
 .text.confirm_or_abort
                0x00000000000291b0       0x38 miscutils/lib.a(i2c_tools.o)
 .text.confirm_action
                0x00000000000291e8       0x80 miscutils/lib.a(i2c_tools.o)
 .text.i2c_smbus_access
                0x0000000000029268       0x2c miscutils/lib.a(i2c_tools.o)
 .text.i2c_smbus_read_byte
                0x0000000000029294       0x30 miscutils/lib.a(i2c_tools.o)
 .text.i2c_smbus_read_word_data
                0x00000000000292c4       0x30 miscutils/lib.a(i2c_tools.o)
 .text.i2c_smbus_read_byte_data
                0x00000000000292f4       0x30 miscutils/lib.a(i2c_tools.o)
 .text.list_i2c_busses_and_exit
                0x0000000000029324      0x228 miscutils/lib.a(i2c_tools.o)
 .text.i2cget_main
                0x000000000002954c      0x210 miscutils/lib.a(i2c_tools.o)
                0x000000000002954c                i2cget_main
 .text.i2cset_main
                0x000000000002975c      0x614 miscutils/lib.a(i2c_tools.o)
                0x000000000002975c                i2cset_main
 .text.i2cdump_main
                0x0000000000029d70      0x6fc miscutils/lib.a(i2c_tools.o)
                0x0000000000029d70                i2cdump_main
 .text.i2cdetect_main
                0x000000000002a46c      0x35c miscutils/lib.a(i2c_tools.o)
                0x000000000002a46c                i2cdetect_main
 .text.ionice_main
                0x000000000002a7c8      0x154 miscutils/lib.a(ionice.o)
                0x000000000002a7c8                ionice_main
 .text.show_entry
                0x000000000002a91c      0x188 miscutils/lib.a(last_fancy.o)
 .text.last_main
                0x000000000002aaa4      0x368 miscutils/lib.a(last_fancy.o)
                0x000000000002aaa4                last_main
 .text.at_end   0x000000000002ae0c       0x74 miscutils/lib.a(less.o)
 .text.safe_lineno
                0x000000000002ae80       0x34 miscutils/lib.a(less.o)
 .text.opp_bracket
                0x000000000002aeb4       0x60 miscutils/lib.a(less.o)
 .text.sigwinch_handler
                0x000000000002af14       0x1c miscutils/lib.a(less.o)
 .text.set_tty_cooked
                0x000000000002af30       0x28 miscutils/lib.a(less.o)
 .text.clear_line
                0x000000000002af58       0x20 miscutils/lib.a(less.o)
 .text.less_exit
                0x000000000002af78       0x48 miscutils/lib.a(less.o)
 .text.sig_catcher
                0x000000000002afc0        0xc miscutils/lib.a(less.o)
 .text.print_statusline
                0x000000000002afcc       0x34 miscutils/lib.a(less.o)
 .text.fill_match_lines
                0x000000000002b000       0xb0 miscutils/lib.a(less.o)
 .text.read_lines
                0x000000000002b0b0      0x35c miscutils/lib.a(less.o)
 .text.goto_lineno
                0x000000000002b40c       0xac miscutils/lib.a(less.o)
 .text.cap_cur_fline
                0x000000000002b4b8       0xa0 miscutils/lib.a(less.o)
 .text.re_wrap  0x000000000002b558      0x1e8 miscutils/lib.a(less.o)
 .text.update_num_lines
                0x000000000002b740      0x108 miscutils/lib.a(less.o)
 .text.m_status_print
                0x000000000002b848      0x14c miscutils/lib.a(less.o)
 .text.status_print
                0x000000000002b994       0xa0 miscutils/lib.a(less.o)
 .text.buffer_print
                0x000000000002ba34      0x36c miscutils/lib.a(less.o)
 .text.buffer_fill_and_print
                0x000000000002bda0       0xec miscutils/lib.a(less.o)
 .text.reinitialize
                0x000000000002be8c       0xe0 miscutils/lib.a(less.o)
 .text.change_file
                0x000000000002bf6c       0x88 miscutils/lib.a(less.o)
 .text.buffer_down
                0x000000000002bff4       0x54 miscutils/lib.a(less.o)
 .text.buffer_up
                0x000000000002c048       0x60 miscutils/lib.a(less.o)
 .text.buffer_to_line
                0x000000000002c0a8       0x4c miscutils/lib.a(less.o)
 .text.goto_match
                0x000000000002c0f4       0x80 miscutils/lib.a(less.o)
 .text.getch_nowait
                0x000000000002c174      0x138 miscutils/lib.a(less.o)
 .text.less_getch
                0x000000000002c2ac       0x48 miscutils/lib.a(less.o)
 .text.less_gets
                0x000000000002c2f4       0xd0 miscutils/lib.a(less.o)
 .text.examine_file
                0x000000000002c3c4       0x8c miscutils/lib.a(less.o)
 .text.regex_process
                0x000000000002c450      0x130 miscutils/lib.a(less.o)
 .text.less_main
                0x000000000002c580      0xbdc miscutils/lib.a(less.o)
                0x000000000002c580                less_main
 .text.makedevs_main
                0x000000000002d15c      0x43c miscutils/lib.a(makedevs.o)
                0x000000000002d15c                makedevs_main
 .text.if_redefined
                0x000000000002d598       0x5c miscutils/lib.a(man.o)
 .text.add_MANPATH
                0x000000000002d5f4       0xc0 miscutils/lib.a(man.o)
 .text.run_pipe
                0x000000000002d6b4      0x1d0 miscutils/lib.a(man.o)
 .text.show_manpage
                0x000000000002d884       0xdc miscutils/lib.a(man.o)
 .text.man_main
                0x000000000002d960      0x3f8 miscutils/lib.a(man.o)
                0x000000000002d960                man_main
 .text.microcom_main
                0x000000000002dd58      0x354 miscutils/lib.a(microcom.o)
                0x000000000002dd58                microcom_main
 .text.mountpoint_main
                0x000000000002e0ac      0x214 miscutils/lib.a(mountpoint.o)
                0x000000000002e0ac                mountpoint_main
 .text.mt_main  0x000000000002e2c0      0x140 miscutils/lib.a(mt.o)
                0x000000000002e2c0                mt_main
 .text.next_good_eraseblock
                0x000000000002e400       0xac miscutils/lib.a(nandwrite.o)
 .text.dump_bad
                0x000000000002e4ac       0x8c miscutils/lib.a(nandwrite.o)
 .text.nandwrite_main
                0x000000000002e538      0x51c miscutils/lib.a(nandwrite.o)
                0x000000000002e538                nandwrite_main
 .text.raidautorun_main
                0x000000000002ea54       0x30 miscutils/lib.a(raidautorun.o)
                0x000000000002ea54                raidautorun_main
 .text.readahead_main
                0x000000000002ea84       0xac miscutils/lib.a(readahead.o)
                0x000000000002ea84                readahead_main
 .text.runlevel_main
                0x000000000002eb30       0x94 miscutils/lib.a(runlevel.o)
                0x000000000002eb30                runlevel_main
 .text.sigalrm_handler
                0x000000000002ebc4        0x4 miscutils/lib.a(rx.o)
 .text.read_byte
                0x000000000002ebc8       0x38 miscutils/lib.a(rx.o)
 .text.rx_main  0x000000000002ec00      0x3f0 miscutils/lib.a(rx.o)
                0x000000000002ec00                rx_main
 .text.index_in_strings_case_insensitive
                0x000000000002eff0       0x58 miscutils/lib.a(setserial.o)
 .text.get_numeric
                0x000000000002f048        0xc miscutils/lib.a(setserial.o)
 .text.serial_ctl
                0x000000000002f054       0xb4 miscutils/lib.a(setserial.o)
 .text.setserial_main
                0x000000000002f108      0x5dc miscutils/lib.a(setserial.o)
                0x000000000002f108                setserial_main
 .text.setsid_main
                0x000000000002f6e4       0x84 miscutils/lib.a(setsid.o)
                0x000000000002f6e4                setsid_main
 .text.strings_main
                0x000000000002f768      0x208 miscutils/lib.a(strings.o)
                0x000000000002f768                strings_main
 .text.ptok     0x000000000002f970       0x30 miscutils/lib.a(time.o)
 .text.run_command
                0x000000000002f9a0       0xe4 miscutils/lib.a(time.o)
 .text.time_main
                0x000000000002fa84      0x628 miscutils/lib.a(time.o)
                0x000000000002fa84                time_main
 .text.timeout_main
                0x00000000000300ac      0x154 miscutils/lib.a(timeout.o)
                0x00000000000300ac                timeout_main
 .text.ttysize_main
                0x0000000000030200       0xac miscutils/lib.a(ttysize.o)
                0x0000000000030200                ttysize_main
 .text.get_num_from_file
                0x00000000000302ac       0x78 miscutils/lib.a(ubi_tools.o)
 .text.ubi_tools_main
                0x0000000000030324      0x510 miscutils/lib.a(ubi_tools.o)
                0x0000000000030324                ubi_tools_main
 .text.ubirename_main
                0x0000000000030834      0x108 miscutils/lib.a(ubirename.o)
                0x0000000000030834                ubirename_main
 .text.volname_main
                0x000000000003093c       0x78 miscutils/lib.a(volname.o)
                0x000000000003093c                volname_main
 .text.wall_main
                0x00000000000309b4       0x88 miscutils/lib.a(wall.o)
                0x00000000000309b4                wall_main
 .text.watchdog_shutdown
                0x0000000000030a3c       0x40 miscutils/lib.a(watchdog.o)
 .text.watchdog_main
                0x0000000000030a7c      0x144 miscutils/lib.a(watchdog.o)
                0x0000000000030a7c                watchdog_main
 .text.display  0x0000000000030bc0       0x74 modutils/lib.a(modinfo.o)
 .text.modinfo  0x0000000000030c34      0x1a0 modutils/lib.a(modinfo.o)
 .text.modinfo_main
                0x0000000000030dd4      0x184 modutils/lib.a(modinfo.o)
                0x0000000000030dd4                modinfo_main
 .text.replace  0x0000000000030f58       0x1c modutils/lib.a(modprobe-small.o)
 .text.filename2modname
                0x0000000000030f74       0x40 modutils/lib.a(modprobe-small.o)
 .text.moderror
                0x0000000000030fb4       0x5c modutils/lib.a(modprobe-small.o)
 .text.load_dep_bb
                0x0000000000031010      0x138 modutils/lib.a(modprobe-small.o)
 .text.find_keyword
                0x0000000000031148       0x70 modutils/lib.a(modprobe-small.o)
 .text.append   0x00000000000311b8       0x70 modutils/lib.a(modprobe-small.o)
 .text.copy_stringbuf
                0x0000000000031228       0x2c modutils/lib.a(modprobe-small.o)
 .text.rmmod    0x0000000000031254       0x58 modutils/lib.a(modprobe-small.o)
 .text.str_2_list
                0x00000000000312ac       0x48 modutils/lib.a(modprobe-small.o)
 .text.load_module
                0x00000000000312f4       0xa8 modutils/lib.a(modprobe-small.o)
 .text.parse_module
                0x000000000003139c      0x204 modutils/lib.a(modprobe-small.o)
 .text.find_alias
                0x00000000000315a0      0x314 modutils/lib.a(modprobe-small.o)
 .text.process_module
                0x00000000000318b4      0x380 modutils/lib.a(modprobe-small.o)
 .text.fileAction
                0x0000000000031c34       0xe8 modutils/lib.a(modprobe-small.o)
 .text.modprobe_main
                0x0000000000031d1c      0x24c modutils/lib.a(modprobe-small.o)
                0x0000000000031d1c                modprobe_main
 .text.filename2modname
                0x0000000000031f68       0x70 modutils/lib.a(modutils.o)
                0x0000000000031f68                filename2modname
 .text.arp_show
                0x0000000000031fd8      0x2ec networking/lib.a(arp.o)
 .text.arp_main
                0x00000000000322c4      0x5f4 networking/lib.a(arp.o)
                0x00000000000322c4                arp_main
 .text.finish   0x00000000000328b8       0x9c networking/lib.a(arping.o)
 .text.catcher  0x0000000000032954      0x190 networking/lib.a(arping.o)
 .text.arping_main
                0x0000000000032ae4      0x7c8 networking/lib.a(arping.o)
                0x0000000000032ae4                arping_main
 .text.undot    0x00000000000332ac       0x38 networking/lib.a(dnsd.o)
 .text.dnsd_main
                0x00000000000332e4      0x664 networking/lib.a(dnsd.o)
                0x00000000000332e4                dnsd_main
 .text.ether_wake_main
                0x0000000000033948      0x2d0 networking/lib.a(ether-wake.o)
                0x0000000000033948                ether_wake_main
 .text.verbose_log
                0x0000000000033c18       0x2c networking/lib.a(ftpd.o)
 .text.cmdio_get_cmd_and_arg
                0x0000000000033c44      0x15c networking/lib.a(ftpd.o)
 .text.cmdio_write_ok
                0x0000000000033da0       0x38 networking/lib.a(ftpd.o)
 .text.cmdio_write_error
                0x0000000000033dd8       0x38 networking/lib.a(ftpd.o)
 .text.escape_text
                0x0000000000033e10       0x9c networking/lib.a(ftpd.o)
 .text.cmdio_write
                0x0000000000033eac       0x88 networking/lib.a(ftpd.o)
 .text.handle_cwd
                0x0000000000033f34       0x44 networking/lib.a(ftpd.o)
 .text.port_pasv_cleanup
                0x0000000000033f78       0x50 networking/lib.a(ftpd.o)
 .text.get_remote_transfer_fd
                0x0000000000033fc8       0x78 networking/lib.a(ftpd.o)
 .text.bind_for_passive_mode
                0x0000000000034040       0x8c networking/lib.a(ftpd.o)
 .text.cmdio_write_raw
                0x00000000000340cc       0x34 networking/lib.a(ftpd.o)
 .text.timeout_handler
                0x0000000000034100       0x94 networking/lib.a(ftpd.o)
 .text.port_or_pasv_was_seen
                0x0000000000034194       0x40 networking/lib.a(ftpd.o)
 .text.handle_upload_common
                0x00000000000341d4      0x1a8 networking/lib.a(ftpd.o)
 .text.handle_dir_common
                0x000000000003437c      0x1c0 networking/lib.a(ftpd.o)
 .text.ftpd_main
                0x000000000003453c      0xad8 networking/lib.a(ftpd.o)
                0x000000000003453c                ftpd_main
 .text.ftp_die  0x0000000000035014       0x5c networking/lib.a(ftpgetput.o)
 .text.ftpcmd   0x0000000000035070       0xd4 networking/lib.a(ftpgetput.o)
 .text.xconnect_ftpdata
                0x0000000000035144       0xb0 networking/lib.a(ftpgetput.o)
 .text.pump_data_and_QUIT
                0x00000000000351f4       0x70 networking/lib.a(ftpgetput.o)
 .text.ftp_receive
                0x0000000000035264      0x180 networking/lib.a(ftpgetput.o)
 .text.ftp_send
                0x00000000000353e4       0x78 networking/lib.a(ftpgetput.o)
 .text.ftpgetput_main
                0x000000000003545c      0x1d4 networking/lib.a(ftpgetput.o)
                0x000000000003545c                ftpgetput_main
 .text.do_sethostname
                0x0000000000035630       0x84 networking/lib.a(hostname.o)
 .text.hostname_main
                0x00000000000356b4      0x16c networking/lib.a(hostname.o)
                0x00000000000356b4                hostname_main
 .text.scan_ip  0x0000000000035820       0xd8 networking/lib.a(httpd.o)
 .text.checkPermIP
                0x00000000000358f8       0x5c networking/lib.a(httpd.o)
 .text.free_llist
                0x0000000000035954       0x2c networking/lib.a(httpd.o)
 .text.parse_conf
                0x0000000000035980      0x5b0 networking/lib.a(httpd.o)
 .text.sighup_handler
                0x0000000000035f30       0x10 networking/lib.a(httpd.o)
 .text.get_line
                0x0000000000035f40       0xa8 networking/lib.a(httpd.o)
 .text.check_user_passwd
                0x0000000000035fe8      0x218 networking/lib.a(httpd.o)
 .text.log_and_exit
                0x0000000000036200       0x44 networking/lib.a(httpd.o)
 .text.cgi_io_loop_and_exit
                0x0000000000036244      0x264 networking/lib.a(httpd.o)
 .text.setenv1  0x00000000000364a8       0x18 networking/lib.a(httpd.o)
 .text.send_file_and_exit
                0x00000000000364c0      0x374 networking/lib.a(httpd.o)
 .text.send_headers
                0x0000000000036834      0x340 networking/lib.a(httpd.o)
 .text.send_headers_and_exit
                0x0000000000036b74       0x20 networking/lib.a(httpd.o)
 .text.send_REQUEST_TIMEOUT_and_exit
                0x0000000000036b94        0xc networking/lib.a(httpd.o)
 .text.send_cgi_and_exit
                0x0000000000036ba0      0x428 networking/lib.a(httpd.o)
 .text.handle_incoming_and_exit
                0x0000000000036fc8      0xb18 networking/lib.a(httpd.o)
 .text.httpd_main
                0x0000000000037ae0      0x388 networking/lib.a(httpd.o)
                0x0000000000037ae0                httpd_main
 .text.ifconfig_main
                0x0000000000037e68      0x510 networking/lib.a(ifconfig.o)
                0x0000000000037e68                ifconfig_main
 .text.set_ifrname_and_do_ioctl
                0x0000000000038378       0x2c networking/lib.a(ifenslave.o)
 .text.set_if_down
                0x00000000000383a4       0x48 networking/lib.a(ifenslave.o)
 .text.get_if_settings
                0x00000000000383ec       0x48 networking/lib.a(ifenslave.o)
 .text.get_drv_info
                0x0000000000038434       0xd8 networking/lib.a(ifenslave.o)
 .text.set_hwaddr
                0x000000000003850c       0x4c networking/lib.a(ifenslave.o)
 .text.enslave  0x0000000000038558      0x2e4 networking/lib.a(ifenslave.o)
 .text.ifenslave_main
                0x000000000003883c      0x318 networking/lib.a(ifenslave.o)
                0x000000000003883c                ifenslave_main
 .text.read_pid
                0x0000000000038b54       0x44 networking/lib.a(ifplugd.o)
 .text.set_ifreq_to_ifname
                0x0000000000038b98       0x30 networking/lib.a(ifplugd.o)
 .text.network_ioctl
                0x0000000000038bc8       0x4c networking/lib.a(ifplugd.o)
 .text.detect_link_iff
                0x0000000000038c14       0x60 networking/lib.a(ifplugd.o)